Component: ARM Compiler 5.06 update 5 (build 528) Tool: armlink [4d35e2]

==============================================================================

Section Cross References

    startup_stm32f405xx.o(RESET) refers to startup_stm32f405xx.o(STACK) for __initial_sp
    startup_stm32f405xx.o(RESET) refers to startup_stm32f405xx.o(.text) for Reset_Handler
    startup_stm32f405xx.o(RESET) refers to stm32f4xx_it.o(i.NMI_Handler) for NMI_Handler
    startup_stm32f405xx.o(RESET) refers to stm32f4xx_it.o(i.HardFault_Handler) for HardFault_Handler
    startup_stm32f405xx.o(RESET) refers to stm32f4xx_it.o(i.MemManage_Handler) for MemManage_Handler
    startup_stm32f405xx.o(RESET) refers to stm32f4xx_it.o(i.BusFault_Handler) for BusFault_Handler
    startup_stm32f405xx.o(RESET) refers to stm32f4xx_it.o(i.UsageFault_Handler) for UsageFault_Handler
    startup_stm32f405xx.o(RESET) refers to stm32f4xx_it.o(i.SVC_Handler) for SVC_Handler
    startup_stm32f405xx.o(RESET) refers to stm32f4xx_it.o(i.DebugMon_Handler) for DebugMon_Handler
    startup_stm32f405xx.o(RESET) refers to stm32f4xx_it.o(i.PendSV_Handler) for PendSV_Handler
    startup_stm32f405xx.o(RESET) refers to stm32f4xx_it.o(i.SysTick_Handler) for SysTick_Handler
    startup_stm32f405xx.o(RESET) refers to iot.o(i.USART3_IRQHandler) for USART3_IRQHandler
    startup_stm32f405xx.o(RESET) refers to stm32f4xx_it.o(i.OTG_FS_IRQHandler) for OTG_FS_IRQHandler
    startup_stm32f405xx.o(.text) refers to system_stm32f4xx.o(i.SystemInit) for SystemInit
    startup_stm32f405xx.o(.text) refers to entry.o(.ARM.Collect$$$$00000000) for __main
    main.o(i.HAL_Delay_us) refers to system_stm32f4xx.o(.data) for SystemCoreClock
    main.o(i.SystemClock_Config) refers to memseta.o(.text) for __aeabi_memclr4
    main.o(i.SystemClock_Config) refers to stm32f4xx_hal_rcc.o(i.HAL_RCC_OscConfig) for HAL_RCC_OscConfig
    main.o(i.SystemClock_Config) refers to main.o(i.Error_Handler) for Error_Handler
    main.o(i.SystemClock_Config) refers to stm32f4xx_hal_rcc.o(i.HAL_RCC_ClockConfig) for HAL_RCC_ClockConfig
    main.o(i.main) refers to stm32f4xx_hal.o(i.HAL_Init) for HAL_Init
    main.o(i.main) refers to main.o(i.SystemClock_Config) for SystemClock_Config
    main.o(i.main) refers to gpio.o(i.MX_GPIO_Init) for MX_GPIO_Init
    main.o(i.main) refers to usb_host.o(i.MX_USB_HOST_Init) for MX_USB_HOST_Init
    main.o(i.main) refers to usart.o(i.MX_USART3_UART_Init) for MX_USART3_UART_Init
    main.o(i.main) refers to adc.o(i.MX_ADC1_Init) for MX_ADC1_Init
    main.o(i.main) refers to tim.o(i.MX_TIM2_Init) for MX_TIM2_Init
    main.o(i.main) refers to i2c.o(i.MX_I2C1_Init) for MX_I2C1_Init
    main.o(i.main) refers to main.o(i.DWT_Init) for DWT_Init
    main.o(i.main) refers to servo.o(i.Servo_Init) for Servo_Init
    main.o(i.main) refers to lcd.o(i.LCD_Init) for LCD_Init
    main.o(i.main) refers to iot.o(i.IoT_Conect) for IoT_Conect
    main.o(i.main) refers to setmenu.o(i.FirstSetMenu) for FirstSetMenu
    main.o(i.main) refers to dht.o(i.DHT11_Init) for DHT11_Init
    main.o(i.main) refers to uiprotact.o(i.HomeUI_Protract) for HomeUI_Protract
    main.o(i.main) refers to usb_host.o(i.MX_USB_HOST_Process) for MX_USB_HOST_Process
    main.o(i.main) refers to work.o(i.WiFiYorN) for WiFiYorN
    main.o(i.main) refers to uiprotact.o(i.MenuChecking) for MenuChecking
    main.o(i.main) refers to work.o(i.SyetemWorking) for SyetemWorking
    gpio.o(i.MX_GPIO_Init) refers to memseta.o(.text) for __aeabi_memclr4
    gpio.o(i.MX_GPIO_Init) refers to stm32f4xx_hal_gpio.o(i.HAL_GPIO_WritePin) for HAL_GPIO_WritePin
    gpio.o(i.MX_GPIO_Init) refers to stm32f4xx_hal_gpio.o(i.HAL_GPIO_Init) for HAL_GPIO_Init
    adc.o(i.HAL_ADC_MspDeInit) refers to stm32f4xx_hal_gpio.o(i.HAL_GPIO_DeInit) for HAL_GPIO_DeInit
    adc.o(i.HAL_ADC_MspInit) refers to memseta.o(.text) for __aeabi_memclr4
    adc.o(i.HAL_ADC_MspInit) refers to stm32f4xx_hal_gpio.o(i.HAL_GPIO_Init) for HAL_GPIO_Init
    adc.o(i.MX_ADC1_Init) refers to memseta.o(.text) for __aeabi_memclr4
    adc.o(i.MX_ADC1_Init) refers to stm32f4xx_hal_adc.o(i.HAL_ADC_Init) for HAL_ADC_Init
    adc.o(i.MX_ADC1_Init) refers to main.o(i.Error_Handler) for Error_Handler
    adc.o(i.MX_ADC1_Init) refers to stm32f4xx_hal_adc.o(i.HAL_ADC_ConfigChannel) for HAL_ADC_ConfigChannel
    adc.o(i.MX_ADC1_Init) refers to stm32f4xx_hal_adc_ex.o(i.HAL_ADCEx_InjectedConfigChannel) for HAL_ADCEx_InjectedConfigChannel
    adc.o(i.MX_ADC1_Init) refers to adc.o(.bss) for .bss
    i2c.o(i.HAL_I2C_MspDeInit) refers to stm32f4xx_hal_gpio.o(i.HAL_GPIO_DeInit) for HAL_GPIO_DeInit
    i2c.o(i.HAL_I2C_MspInit) refers to memseta.o(.text) for __aeabi_memclr4
    i2c.o(i.HAL_I2C_MspInit) refers to stm32f4xx_hal_gpio.o(i.HAL_GPIO_Init) for HAL_GPIO_Init
    i2c.o(i.MX_I2C1_Init) refers to stm32f4xx_hal_i2c.o(i.HAL_I2C_Init) for HAL_I2C_Init
    i2c.o(i.MX_I2C1_Init) refers to main.o(i.Error_Handler) for Error_Handler
    i2c.o(i.MX_I2C1_Init) refers to i2c.o(.bss) for .bss
[...]
    __aeabi_d2f                              0x08000625   Thumb Code    56  d2f.o(.text)
    __aeabi_uidiv                            0x0800065d   Thumb Code     0  uidiv.o(.text)
    __aeabi_uidivmod                         0x0800065d   Thumb Code    44  uidiv.o(.text)
    __aeabi_llsl                             0x08000689   Thumb Code    30  llshl.o(.text)
    _ll_shift_l                              0x08000689   Thumb Code     0  llshl.o(.text)
    __aeabi_llsr                             0x080006a7   Thumb Code    32  llushr.o(.text)
    _ll_ushift_r                             0x080006a7   Thumb Code     0  llushr.o(.text)
    __aeabi_lasr                             0x080006c7   Thumb Code    36  llsshr.o(.text)
    _ll_sshift_r                             0x080006c7   Thumb Code     0  llsshr.o(.text)
    __I$use$fp                               0x080006eb   Thumb Code     0  iusefp.o(.text)
    _float_round                             0x080006eb   Thumb Code    18  fepilogue.o(.text)
    _float_epilogue                          0x080006fd   Thumb Code    92  fepilogue.o(.text)
    _double_round                            0x08000759   Thumb Code    30  depilogue.o(.text)
    _double_epilogue                         0x08000777   Thumb Code   156  depilogue.o(.text)
    __ARM_scalbn                             0x08000813   Thumb Code    46  dscalb.o(.text)
    scalbn                                   0x08000813   Thumb Code     0  dscalb.o(.text)
    __aeabi_d2ulz                            0x08000841   Thumb Code    48  dfixul.o(.text)
    __scatterload                            0x08000871   Thumb Code    28  init.o(.text)
    __scatterload_rt2                        0x08000871   Thumb Code     0  init.o(.text)
    _dsqrt                                   0x08000895   Thumb Code   162  dsqrt.o(.text)
    ASR_Scan                                 0x08000a69   Thumb Code   104  asrpro.o(i.ASR_Scan)
    AT24C02_Init                             0x08000add   Thumb Code    54  at24c02.o(i.AT24C02_Init)
    AT24C02_IsDeviceReady                    0x08000b13   Thumb Code    22  at24c02.o(i.AT24C02_IsDeviceReady)
    AT24C02_LoadThresholds                   0x08000b29   Thumb Code    70  at24c02.o(i.AT24C02_LoadThresholds)
    AT24C02_ReadBuffer                       0x08000b75   Thumb Code    50  at24c02.o(i.AT24C02_ReadBuffer)
    AT24C02_ReadByte                         0x08000ba7   Thumb Code    44  at24c02.o(i.AT24C02_ReadByte)
    AT24C02_SaveThresholds                   0x08000bd5   Thumb Code    74  at24c02.o(i.AT24C02_SaveThresholds)
    AT24C02_WriteByte                        0x08000c25   Thumb Code    68  at24c02.o(i.AT24C02_WriteByte)
    AT24C02_WritePage                        0x08000c69   Thumb Code   166  at24c02.o(i.AT24C02_WritePage)
    Air_Ctrl                                 0x08000d11   Thumb Code   298  equipmenu.o(i.Air_Ctrl)
    BEEP_Alarm                               0x08000e81   Thumb Code    40  beep.o(i.BEEP_Alarm)
    BEEP_BiBi                                0x08000ead   Thumb Code    34  beep.o(i.BEEP_BiBi)
    BEEP_OFF                                 0x08000ed5   Thumb Code    10  beep.o(i.BEEP_OFF)
    BEEP_ON                                  0x08000ee5   Thumb Code    10  beep.o(i.BEEP_ON)
    BusFault_Handler                         0x08000ef5   Thumb Code     2  stm32f4xx_it.o(i.BusFault_Handler)
    DHT11_Check                              0x08000fe9   Thumb Code    86  dht.o(i.DHT11_Check)
    DHT11_Init                               0x08001045   Thumb Code    76  dht.o(i.DHT11_Init)
    DHT11_Mode                               0x08001099   Thumb Code    48  dht.o(i.DHT11_Mode)
    DHT11_Read_Bit                           0x080010cd   Thumb Code    84  dht.o(i.DHT11_Read_Bit)
    DHT11_Read_Byte                          0x08001125   Thumb Code    26  dht.o(i.DHT11_Read_Byte)
    DHT11_Read_Data                          0x0800113f   Thumb Code    80  dht.o(i.DHT11_Read_Data)
    DHT11_Rst                                0x08001191   Thumb Code    46  dht.o(i.DHT11_Rst)
    DWT_Init                                 0x080011c5   Thumb Code    42  main.o(i.DWT_Init)
    DataMonitoring                           0x080011f9   Thumb Code   580  monitormenu.o(i.DataMonitoring)
    DebugMon_Handler                         0x08001539   Thumb Code     2  stm32f4xx_it.o(i.DebugMon_Handler)
    Draw_Circle                              0x0800153b   Thumb Code   188  lcd.o(i.Draw_Circle)
    Eat_Ctrl                                 0x080015f9   Thumb Code   298  equipmenu.o(i.Eat_Ctrl)
    EquipManageSelected                      0x0800176d   Thumb Code   114  uiprotact.o(i.EquipManageSelected)
    EquipManageUnSelect                      0x080017e9   Thumb Code   100  uiprotact.o(i.EquipManageUnSelect)
    EquipSetMenu                             0x08001855   Thumb Code  1636  equipmenu.o(i.EquipSetMenu)
    Error_Handler                            0x08001eb9   Thumb Code     4  main.o(i.Error_Handler)
    FirstSetMenu                             0x08001ebd   Thumb Code   292  setmenu.o(i.FirstSetMenu)
    HAL_ADCEx_InjectedConfigChannel          0x0800207d   Thumb Code   456  stm32f4xx_hal_adc_ex.o(i.HAL_ADCEx_InjectedConfigChannel)
    HAL_ADC_ConfigChannel                    0x08002251   Thumb Code   326  stm32f4xx_hal_adc.o(i.HAL_ADC_ConfigChannel)
    HAL_ADC_GetValue                         0x080023a9   Thumb Code     6  stm32f4xx_hal_adc.o(i.HAL_ADC_GetValue)
    HAL_ADC_Init                             0x080023af   Thumb Code    84  stm32f4xx_hal_adc.o(i.HAL_ADC_Init)
    HAL_ADC_MspInit                          0x08002405   Thumb Code    84  adc.o(i.HAL_ADC_MspInit)
    HAL_ADC_PollForConversion                0x08002465   Thumb Code   170  stm32f4xx_hal_adc.o(i.HAL_ADC_PollForConversion)
    HAL_ADC_Start                            0x08002511   Thumb Code   252  stm32f4xx_hal_adc.o(i.HAL_ADC_Start)
    HAL_Delay                                0x08002625   Thumb Code    32  stm32f4xx_hal.o(i.HAL_Delay)
    HAL_Delay_us                             0x08002649   Thumb Code    28  main.o(i.HAL_Delay_us)
    HAL_GPIO_Init                            0x08002671   Thumb Code   420  stm32f4xx_hal_gpio.o(i.HAL_GPIO_Init)
    HAL_GPIO_ReadPin                         0x08002841   Thumb Code    14  stm32f4xx_hal_gpio.o(i.HAL_GPIO_ReadPin)
    HAL_GPIO_WritePin                        0x0800284f   Thumb Code    14  stm32f4xx_hal_gpio.o(i.HAL_GPIO_WritePin)
    HAL_GetTick                              0x0800285d   Thumb Code     6  stm32f4xx_hal.o(i.HAL_GetTick)
    HAL_HCD_Connect_Callback                 0x08002869   Thumb Code     8  usbh_conf.o(i.HAL_HCD_Connect_Callback)
    HAL_HCD_Disconnect_Callback              0x08002871   Thumb Code     8  usbh_conf.o(i.HAL_HCD_Disconnect_Callback)
    HAL_HCD_GetCurrentFrame                  0x08002879   Thumb Code     6  stm32f4xx_hal_hcd.o(i.HAL_HCD_GetCurrentFrame)
    HAL_HCD_GetCurrentSpeed                  0x0800287f   Thumb Code     6  stm32f4xx_hal_hcd.o(i.HAL_HCD_GetCurrentSpeed)
    HAL_HCD_HC_ClearHubInfo                  0x08002885   Thumb Code    24  stm32f4xx_hal_hcd.o(i.HAL_HCD_HC_ClearHubInfo)
    HAL_HCD_HC_GetURBState                   0x0800289d   Thumb Code    14  stm32f4xx_hal_hcd.o(i.HAL_HCD_HC_GetURBState)
    HAL_HCD_HC_GetXferCount                  0x080028ab   Thumb Code    12  stm32f4xx_hal_hcd.o(i.HAL_HCD_HC_GetXferCount)
    HAL_HCD_HC_Halt                          0x080028b7   Thumb Code    36  stm32f4xx_hal_hcd.o(i.HAL_HCD_HC_Halt)
    HAL_HCD_HC_Init                          0x080028db   Thumb Code   150  stm32f4xx_hal_hcd.o(i.HAL_HCD_HC_Init)
    HAL_HCD_HC_NotifyURBChange_Callback      0x08002971   Thumb Code     2  usbh_conf.o(i.HAL_HCD_HC_NotifyURBChange_Callback)
    HAL_HCD_HC_SubmitRequest                 0x08002973   Thumb Code   244  stm32f4xx_hal_hcd.o(i.HAL_HCD_HC_SubmitRequest)
    HAL_HCD_IRQHandler                       0x08002a67   Thumb Code   324  stm32f4xx_hal_hcd.o(i.HAL_HCD_IRQHandler)
    HAL_HCD_Init                             0x08002bab   Thumb Code   132  stm32f4xx_hal_hcd.o(i.HAL_HCD_Init)
    HAL_HCD_MspInit                          0x08002c31   Thumb Code   122  usbh_conf.o(i.HAL_HCD_MspInit)
    HAL_HCD_PortDisabled_Callback            0x08002cb5   Thumb Code     8  usbh_conf.o(i.HAL_HCD_PortDisabled_Callback)
    HAL_HCD_PortEnabled_Callback             0x08002cbd   Thumb Code     8  usbh_conf.o(i.HAL_HCD_PortEnabled_Callback)
    HAL_HCD_ResetPort                        0x08002cc5   Thumb Code     6  stm32f4xx_hal_hcd.o(i.HAL_HCD_ResetPort)
    HAL_HCD_SOF_Callback                     0x08002ccb   Thumb Code     8  usbh_conf.o(i.HAL_HCD_SOF_Callback)
    HAL_HCD_Start                            0x08002cd3   Thumb Code    44  stm32f4xx_hal_hcd.o(i.HAL_HCD_Start)
    HAL_HCD_Stop                             0x08002cff   Thumb Code    36  stm32f4xx_hal_hcd.o(i.HAL_HCD_Stop)
    HAL_I2C_Init                             0x08002d25   Thumb Code   392  stm32f4xx_hal_i2c.o(i.HAL_I2C_Init)
    HAL_I2C_IsDeviceReady                    0x08002ebd   Thumb Code   368  stm32f4xx_hal_i2c.o(i.HAL_I2C_IsDeviceReady)
    HAL_I2C_Master_Receive                   0x08003035   Thumb Code   658  stm32f4xx_hal_i2c.o(i.HAL_I2C_Master_Receive)
    HAL_I2C_Master_Transmit                  0x080032d5   Thumb Code   318  stm32f4xx_hal_i2c.o(i.HAL_I2C_Master_Transmit)
    HAL_I2C_MspInit                          0x0800341d   Thumb Code    94  i2c.o(i.HAL_I2C_MspInit)
    HAL_IncTick                              0x08003489   Thumb Code    12  stm32f4xx_hal.o(i.HAL_IncTick)
    HAL_Init                                 0x08003499   Thumb Code    48  stm32f4xx_hal.o(i.HAL_Init)
    HAL_InitTick                             0x080034cd   Thumb Code    58  stm32f4xx_hal.o(i.HAL_InitTick)
    HAL_MspInit                              0x08003511   Thumb Code    42  stm32f4xx_hal_msp.o(i.HAL_MspInit)
    HAL_NVIC_EnableIRQ                       0x08003541   Thumb Code    26  stm32f4xx_hal_cortex.o(i.HAL_NVIC_EnableIRQ)
    HAL_NVIC_SetPriority                     0x0800355d   Thumb Code    60  stm32f4xx_hal_cortex.o(i.HAL_NVIC_SetPriority)
    HAL_NVIC_SetPriorityGrouping             0x0800359d   Thumb Code    26  stm32f4xx_hal_cortex.o(i.HAL_NVIC_SetPriorityGrouping)
    HAL_RCC_ClockConfig                      0x080035c1   Thumb Code   310  stm32f4xx_hal_rcc.o(i.HAL_RCC_ClockConfig)
    HAL_RCC_GetHCLKFreq                      0x0800370d   Thumb Code     6  stm32f4xx_hal_rcc.o(i.HAL_RCC_GetHCLKFreq)
    HAL_RCC_GetPCLK1Freq                     0x08003719   Thumb Code    22  stm32f4xx_hal_rcc.o(i.HAL_RCC_GetPCLK1Freq)
    HAL_RCC_GetPCLK2Freq                     0x08003739   Thumb Code    22  stm32f4xx_hal_rcc.o(i.HAL_RCC_GetPCLK2Freq)
    HAL_RCC_GetSysClockFreq                  0x08003759   Thumb Code    94  stm32f4xx_hal_rcc.o(i.HAL_RCC_GetSysClockFreq)
    HAL_RCC_OscConfig                        0x080037c5   Thumb Code   942  stm32f4xx_hal_rcc.o(i.HAL_RCC_OscConfig)
    HAL_SYSTICK_Config                       0x08003b85   Thumb Code    40  stm32f4xx_hal_cortex.o(i.HAL_SYSTICK_Config)
    HAL_TIMEx_MasterConfigSynchronization    0x08003bad   Thumb Code   114  stm32f4xx_hal_tim_ex.o(i.HAL_TIMEx_MasterConfigSynchronization)
    HAL_TIM_Base_Init                        0x08003c3d   Thumb Code    74  stm32f4xx_hal_tim.o(i.HAL_TIM_Base_Init)
    HAL_TIM_Base_MspInit                     0x08003c89   Thumb Code    30  tim.o(i.HAL_TIM_Base_MspInit)
    HAL_TIM_ConfigClockSource                0x08003cad   Thumb Code   232  stm32f4xx_hal_tim.o(i.HAL_TIM_ConfigClockSource)
    HAL_TIM_MspPostInit                      0x08003d95   Thumb Code    68  tim.o(i.HAL_TIM_MspPostInit)
    HAL_TIM_PWM_ConfigChannel                0x08003de1   Thumb Code   216  stm32f4xx_hal_tim.o(i.HAL_TIM_PWM_ConfigChannel)
    HAL_TIM_PWM_Init                         0x08003eb9   Thumb Code    74  stm32f4xx_hal_tim.o(i.HAL_TIM_PWM_Init)
    HAL_TIM_PWM_MspInit                      0x08003f03   Thumb Code     2  stm32f4xx_hal_tim.o(i.HAL_TIM_PWM_MspInit)
    HAL_TIM_PWM_Start                        0x08003f05   Thumb Code   190  stm32f4xx_hal_tim.o(i.HAL_TIM_PWM_Start)
    HAL_UART_Init                            0x08003fe1   Thumb Code   102  stm32f4xx_hal_uart.o(i.HAL_UART_Init)
    HAL_UART_MspInit                         0x08004049   Thumb Code   152  usart.o(i.HAL_UART_MspInit)
    HAL_UART_Transmit                        0x080040f1   Thumb Code   174  stm32f4xx_hal_uart.o(i.HAL_UART_Transmit)
    HardFault_Handler                        0x08004a19   Thumb Code     2  stm32f4xx_it.o(i.HardFault_Handler)
    HomeUI_Protract                          0x08004a1d   Thumb Code   100  uiprotact.o(i.HomeUI_Protract)
    HotWater_Ctrl                            0x08004a99   Thumb Code   298  equipmenu.o(i.HotWater_Ctrl)
    HouseArt                                 0x08004c09   Thumb Code   348  uiprotact.o(i.HouseArt)
    I2C_Init                                 0x08004d65   Thumb Code     6  at24c02.o(i.I2C_Init)
    IoT_Conect                               0x08005201   Thumb Code   302  iot.o(i.IoT_Conect)
    JSON_Parse_Air_State                     0x08005405   Thumb Code    58  iot.o(i.JSON_Parse_Air_State)
    JSON_Parse_Hot_State                     0x08005449   Thumb Code    58  iot.o(i.JSON_Parse_Hot_State)
    JSON_Parse_Light_State                   0x0800548d   Thumb Code    58  iot.o(i.JSON_Parse_Light_State)
    JSON_Parse_SideLight_State               0x080054d5   Thumb Code    58  iot.o(i.JSON_Parse_SideLight_State)
    JSON_Parse_TV_State                      0x08005521   Thumb Code    58  iot.o(i.JSON_Parse_TV_State)
    JSON_Parse_Window_State                  0x08005565   Thumb Code    58  iot.o(i.JSON_Parse_Window_State)
    Key_Scan                                 0x080055ad   Thumb Code   246  key.o(i.Key_Scan)
    LCD_Address_Set                          0x080056a9   Thumb Code    66  lcd.o(i.LCD_Address_Set)
    LCD_DrawLine                             0x080056eb   Thumb Code   154  lcd.o(i.LCD_DrawLine)
    LCD_DrawPoint                            0x08005785   Thumb Code    22  lcd.o(i.LCD_DrawPoint)
    LCD_Fill                                 0x0800579b   Thumb Code    64  lcd.o(i.LCD_Fill)
    LCD_GPIO_Init                            0x080057dd   Thumb Code    10  lcd.o(i.LCD_GPIO_Init)
    LCD_Init                                 0x080057ed   Thumb Code   510  lcd.o(i.LCD_Init)
    LCD_ShowChar                             0x080059f1   Thumb Code   266  lcd.o(i.LCD_ShowChar)
    LCD_ShowChinese                          0x08005b0d   Thumb Code   134  lcd.o(i.LCD_ShowChinese)
    LCD_ShowChinese12x12                     0x08005b95   Thumb Code   254  lcd.o(i.LCD_ShowChinese12x12)
    LCD_ShowChinese16x16                     0x08005c99   Thumb Code   250  lcd.o(i.LCD_ShowChinese16x16)
    LCD_ShowChinese24x24                     0x08005d99   Thumb Code   254  lcd.o(i.LCD_ShowChinese24x24)
    LCD_ShowChinese32x32                     0x08005e9d   Thumb Code   250  lcd.o(i.LCD_ShowChinese32x32)
    LCD_ShowString                           0x08005f9d   Thumb Code    54  lcd.o(i.LCD_ShowString)
    LCD_WR_DATA                              0x08005fd3   Thumb Code    20  lcd.o(i.LCD_WR_DATA)
    LCD_WR_DATA8                             0x08005fe7   Thumb Code     4  lcd.o(i.LCD_WR_DATA8)
    LCD_WR_REG                               0x08005fed   Thumb Code    36  lcd.o(i.LCD_WR_REG)
    LCD_Writ_Bus                             0x08006015   Thumb Code    90  lcd.o(i.LCD_Writ_Bus)
    LED_Flashing                             0x08006075   Thumb Code    40  led.o(i.LED_Flashing)
    LED_OFF                                  0x080060a1   Thumb Code    10  led.o(i.LED_OFF)
    LED_ON                                   0x080060b1   Thumb Code    10  led.o(i.LED_ON)
    LightSensor_GetADCValue                  0x080060c1   Thumb Code    78  adcsensor.o(i.LightSensor_GetADCValue)
    LightSensor_GetLux                       0x08006115   Thumb Code    36  adcsensor.o(i.LightSensor_GetLux)
    Light_Ctrl                               0x08006141   Thumb Code   298  equipmenu.o(i.Light_Ctrl)
    MQ135_GetData                            0x080062b1   Thumb Code    80  adcsensor.o(i.MQ135_GetData)
    MQ135_GetData_PPM                        0x08006305   Thumb Code   168  adcsensor.o(i.MQ135_GetData_PPM)
    MQ2_GetData                              0x080063cd   Thumb Code    80  adcsensor.o(i.MQ2_GetData)
    MQ2_GetData_PPM                          0x08006421   Thumb Code   168  adcsensor.o(i.MQ2_GetData_PPM)
    MX_ADC1_Init                             0x080064e9   Thumb Code   156  adc.o(i.MX_ADC1_Init)
    MX_GPIO_Init                             0x08006595   Thumb Code   248  gpio.o(i.MX_GPIO_Init)
    MX_I2C1_Init                             0x0800669d   Thumb Code    50  i2c.o(i.MX_I2C1_Init)
    MX_TIM2_Init                             0x080066dd   Thumb Code   152  tim.o(i.MX_TIM2_Init)
    MX_USART3_UART_Init                      0x08006779   Thumb Code    48  usart.o(i.MX_USART3_UART_Init)
    MX_USB_HOST_Init                         0x080067b1   Thumb Code    52  usb_host.o(i.MX_USB_HOST_Init)
    MX_USB_HOST_Process                      0x080067f1   Thumb Code     6  usb_host.o(i.MX_USB_HOST_Process)
    MemManage_Handler                        0x080067fd   Thumb Code     2  stm32f4xx_it.o(i.MemManage_Handler)
    MenuChecking                             0x08006801   Thumb Code   162  uiprotact.o(i.MenuChecking)
    Menu_CO2                                 0x080068a9   Thumb Code   620  setmenu.o(i.Menu_CO2)
    Menu_Humi                                0x08006b8d   Thumb Code   800  setmenu.o(i.Menu_Humi)
    Menu_Lux                                 0x08006f11   Thumb Code   604  setmenu.o(i.Menu_Lux)
    Menu_Smoke                               0x080071dd   Thumb Code   620  setmenu.o(i.Menu_Smoke)
    Menu_Temp                                0x080074bd   Thumb Code   862  setmenu.o(i.Menu_Temp)
    MonitorSelected                          0x0800788d   Thumb Code   138  uiprotact.o(i.MonitorSelected)
    MonitorUnSelect                          0x08007921   Thumb Code   124  uiprotact.o(i.MonitorUnSelect)
    NMI_Handler                              0x080079a5   Thumb Code     2  stm32f4xx_it.o(i.NMI_Handler)
    OTG_FS_IRQHandler                        0x080079a9   Thumb Code     6  stm32f4xx_it.o(i.OTG_FS_IRQHandler)
    ParseAndProcessJSON                      0x080079b5   Thumb Code   150  iot.o(i.ParseAndProcessJSON)
    PendSV_Handler                           0x08007a55   Thumb Code     2  stm32f4xx_it.o(i.PendSV_Handler)
    Relay1_OFF                               0x08007a59   Thumb Code    10  relays.o(i.Relay1_OFF)
    Relay1_ON                                0x08007a69   Thumb Code    10  relays.o(i.Relay1_ON)
    Relay2_OFF                               0x08007a79   Thumb Code    10  relays.o(i.Relay2_OFF)
    Relay2_ON                                0x08007a89   Thumb Code    10  relays.o(i.Relay2_ON)
    Relay3_OFF                               0x08007a99   Thumb Code    10  relays.o(i.Relay3_OFF)
    Relay3_ON                                0x08007aa9   Thumb Code    10  relays.o(i.Relay3_ON)
    Relay4_OFF                               0x08007ab9   Thumb Code    12  relays.o(i.Relay4_OFF)
    Relay4_ON                                0x08007ac9   Thumb Code    10  relays.o(i.Relay4_ON)
    Relay5_OFF                               0x08007ad9   Thumb Code    12  relays.o(i.Relay5_OFF)
    Relay5_ON                                0x08007ae9   Thumb Code    10  relays.o(i.Relay5_ON)
    SVC_Handler                              0x08007af9   Thumb Code     2  stm32f4xx_it.o(i.SVC_Handler)
    SendDataToIoT                            0x08007afd   Thumb Code   358  iot.o(i.SendDataToIoT)
    Servo_Init                               0x08007cc5   Thumb Code    22  servo.o(i.Servo_Init)
    Servo_Turn                               0x08007ce1   Thumb Code    32  servo.o(i.Servo_Turn)
    Servo_TurnOFF                            0x08007d05   Thumb Code     6  servo.o(i.Servo_TurnOFF)
    Servo_TurnOn                             0x08007d0b   Thumb Code     6  servo.o(i.Servo_TurnOn)
    SetMenu                                  0x08007d29   Thumb Code  2428  setmenu.o(i.SetMenu)
    SetSelected                              0x080086b9   Thumb Code   210  uiprotact.o(i.SetSelected)
    SetUnSelect                              0x08008795   Thumb Code   196  uiprotact.o(i.SetUnSelect)
    SyetemWorking                            0x08008861   Thumb Code   280  work.o(i.SyetemWorking)
    SysTick_Handler                          0x080089d5   Thumb Code     4  stm32f4xx_it.o(i.SysTick_Handler)
    SystemClock_Config                       0x080089d9   Thumb Code   140  main.o(i.SystemClock_Config)
    SystemInit                               0x08008a6d   Thumb Code    12  system_stm32f4xx.o(i.SystemInit)
    TIM_Base_SetConfig                       0x08008a7d   Thumb Code   168  stm32f4xx_hal_tim.o(i.TIM_Base_SetConfig)
    TIM_CCxChannelCmd                        0x08008b51   Thumb Code    26  stm32f4xx_hal_tim.o(i.TIM_CCxChannelCmd)
    TIM_ETR_SetConfig                        0x08008b6b   Thumb Code    20  stm32f4xx_hal_tim.o(i.TIM_ETR_SetConfig)
    TIM_OC2_SetConfig                        0x08008bf9   Thumb Code   106  stm32f4xx_hal_tim.o(i.TIM_OC2_SetConfig)
    TV_Ctrl                                  0x08008d79   Thumb Code   298  equipmenu.o(i.TV_Ctrl)
    USART3_IRQHandler                        0x080090c5   Thumb Code    90  iot.o(i.USART3_IRQHandler)
    USBH_AllocPipe                           0x08009131   Thumb Code    40  usbh_pipes.o(i.USBH_AllocPipe)
    USBH_BulkReceiveData                     0x08009159   Thumb Code    32  usbh_ioreq.o(i.USBH_BulkReceiveData)
    USBH_BulkSendData                        0x08009179   Thumb Code    44  usbh_ioreq.o(i.USBH_BulkSendData)
    USBH_CDC_LineCodingChanged               0x0800937d   Thumb Code     2  usbh_cdc.o(i.USBH_CDC_LineCodingChanged)
    USBH_CDC_ReceiveCallback                 0x08009431   Thumb Code     2  usbh_cdc.o(i.USBH_CDC_ReceiveCallback)
    USBH_CDC_TransmitCallback                0x08009437   Thumb Code     2  usbh_cdc.o(i.USBH_CDC_TransmitCallback)
    USBH_ClosePipe                           0x08009439   Thumb Code    10  usbh_pipes.o(i.USBH_ClosePipe)
    USBH_ClrFeature                          0x08009443   Thumb Code    30  usbh_ctlreq.o(i.USBH_ClrFeature)
    USBH_CtlReceiveData                      0x08009461   Thumb Code    32  usbh_ioreq.o(i.USBH_CtlReceiveData)
    USBH_CtlReq                              0x08009481   Thumb Code    58  usbh_ctlreq.o(i.USBH_CtlReq)
    USBH_CtlSendData                         0x080094bb   Thumb Code    44  usbh_ioreq.o(i.USBH_CtlSendData)
    USBH_CtlSendSetup                        0x080094e7   Thumb Code    30  usbh_ioreq.o(i.USBH_CtlSendSetup)
    USBH_Delay                               0x08009505   Thumb Code     4  usbh_conf.o(i.USBH_Delay)
    USBH_FindInterface                       0x08009509   Thumb Code    68  usbh_core.o(i.USBH_FindInterface)
    USBH_FreePipe                            0x0800954d   Thumb Code    24  usbh_pipes.o(i.USBH_FreePipe)
    USBH_GetDescriptor                       0x08009565   Thumb Code    56  usbh_ctlreq.o(i.USBH_GetDescriptor)
    USBH_GetNextDesc                         0x080095bb   Thumb Code    14  usbh_ctlreq.o(i.USBH_GetNextDesc)
    USBH_Get_CfgDesc                         0x080095c9   Thumb Code    54  usbh_ctlreq.o(i.USBH_Get_CfgDesc)
    USBH_Get_DevDesc                         0x080095ff   Thumb Code    54  usbh_ctlreq.o(i.USBH_Get_DevDesc)
    USBH_Get_StringDesc                      0x08009635   Thumb Code    56  usbh_ctlreq.o(i.USBH_Get_StringDesc)
    USBH_Get_USB_Status                      0x0800966d   Thumb Code    36  usbh_conf.o(i.USBH_Get_USB_Status)
    USBH_Init                                0x08009a8f   Thumb Code    66  usbh_core.o(i.USBH_Init)
    USBH_LL_ClosePipe                        0x08009ad1   Thumb Code    18  usbh_conf.o(i.USBH_LL_ClosePipe)
    USBH_LL_Connect                          0x08009ae3   Thumb Code    18  usbh_core.o(i.USBH_LL_Connect)
    USBH_LL_Disconnect                       0x08009af5   Thumb Code    46  usbh_core.o(i.USBH_LL_Disconnect)
    USBH_LL_DriverVBUS                       0x08009b23   Thumb Code    16  usbh_conf.o(i.USBH_LL_DriverVBUS)
    USBH_LL_GetLastXferSize                  0x08009b33   Thumb Code     8  usbh_conf.o(i.USBH_LL_GetLastXferSize)
    USBH_LL_GetSpeed                         0x08009b3b   Thumb Code    34  usbh_conf.o(i.USBH_LL_GetSpeed)
    USBH_LL_GetURBState                      0x08009b5d   Thumb Code     8  usbh_conf.o(i.USBH_LL_GetURBState)
    USBH_LL_IncTimer                         0x08009b65   Thumb Code    14  usbh_core.o(i.USBH_LL_IncTimer)
    USBH_LL_Init                             0x08009b75   Thumb Code    74  usbh_conf.o(i.USBH_LL_Init)
    USBH_LL_OpenPipe                         0x08009bc5   Thumb Code    30  usbh_conf.o(i.USBH_LL_OpenPipe)
    USBH_LL_PortDisabled                     0x08009be3   Thumb Code    14  usbh_core.o(i.USBH_LL_PortDisabled)
    USBH_LL_PortEnabled                      0x08009bf1   Thumb Code     8  usbh_core.o(i.USBH_LL_PortEnabled)
    USBH_LL_ResetPort                        0x08009bf9   Thumb Code    18  usbh_conf.o(i.USBH_LL_ResetPort)
    USBH_LL_SetTimer                         0x08009c0b   Thumb Code     6  usbh_core.o(i.USBH_LL_SetTimer)
    USBH_LL_SetToggle                        0x08009c11   Thumb Code    32  usbh_conf.o(i.USBH_LL_SetToggle)
    USBH_LL_Start                            0x08009c31   Thumb Code    18  usbh_conf.o(i.USBH_LL_Start)
    USBH_LL_Stop                             0x08009c43   Thumb Code    18  usbh_conf.o(i.USBH_LL_Stop)
    USBH_LL_SubmitURB                        0x08009c55   Thumb Code    38  usbh_conf.o(i.USBH_LL_SubmitURB)
    USBH_OpenPipe                            0x08009c7b   Thumb Code    22  usbh_pipes.o(i.USBH_OpenPipe)
    USBH_Process                             0x08009f87   Thumb Code   604  usbh_core.o(i.USBH_Process)
    USBH_RegisterClass                       0x0800a1e3   Thumb Code    34  usbh_core.o(i.USBH_RegisterClass)
    USBH_SelectInterface                     0x0800a205   Thumb Code    22  usbh_core.o(i.USBH_SelectInterface)
    USBH_SetAddress                          0x0800a21b   Thumb Code    28  usbh_ctlreq.o(i.USBH_SetAddress)
    USBH_SetCfg                              0x0800a237   Thumb Code    28  usbh_ctlreq.o(i.USBH_SetCfg)
    USBH_SetFeature                          0x0800a253   Thumb Code    28  usbh_ctlreq.o(i.USBH_SetFeature)
    USBH_Start                               0x0800a26f   Thumb Code    22  usbh_core.o(i.USBH_Start)
    USB_CoreInit                             0x0800a2ad   Thumb Code   130  stm32f4xx_ll_usb.o(i.USB_CoreInit)
    USB_DisableGlobalInt                     0x0800a389   Thumb Code    12  stm32f4xx_ll_usb.o(i.USB_DisableGlobalInt)
    USB_DoPing                               0x0800a395   Thumb Code    28  stm32f4xx_ll_usb.o(i.USB_DoPing)
    USB_DriveVbus                            0x0800a3b5   Thumb Code    58  stm32f4xx_ll_usb.o(i.USB_DriveVbus)
    USB_EnableGlobalInt                      0x0800a3ef   Thumb Code    12  stm32f4xx_ll_usb.o(i.USB_EnableGlobalInt)
    USB_FlushRxFifo                          0x0800a3fb   Thumb Code    64  stm32f4xx_ll_usb.o(i.USB_FlushRxFifo)
    USB_FlushTxFifo                          0x0800a43b   Thumb Code    68  stm32f4xx_ll_usb.o(i.USB_FlushTxFifo)
    USB_GetCurrentFrame                      0x0800a47f   Thumb Code     8  stm32f4xx_ll_usb.o(i.USB_GetCurrentFrame)
    USB_GetHostSpeed                         0x0800a487   Thumb Code    16  stm32f4xx_ll_usb.o(i.USB_GetHostSpeed)
    USB_GetMode                              0x0800a497   Thumb Code     8  stm32f4xx_ll_usb.o(i.USB_GetMode)
    USB_HC_Halt                              0x0800a49f   Thumb Code   246  stm32f4xx_ll_usb.o(i.USB_HC_Halt)
    USB_HC_Init                              0x0800a595   Thumb Code   296  stm32f4xx_ll_usb.o(i.USB_HC_Init)
    USB_HC_ReadInterrupt                     0x0800a6c1   Thumb Code     8  stm32f4xx_ll_usb.o(i.USB_HC_ReadInterrupt)
    USB_HC_StartXfer                         0x0800a6c9   Thumb Code   652  stm32f4xx_ll_usb.o(i.USB_HC_StartXfer)
    USB_HostInit                             0x0800a959   Thumb Code   212  stm32f4xx_ll_usb.o(i.USB_HostInit)
    USB_InitFSLSPClkSel                      0x0800aa45   Thumb Code    60  stm32f4xx_ll_usb.o(i.USB_InitFSLSPClkSel)
    USB_ReadChInterrupts                     0x0800aa81   Thumb Code    16  stm32f4xx_ll_usb.o(i.USB_ReadChInterrupts)
    USB_ReadInterrupts                       0x0800aa91   Thumb Code     8  stm32f4xx_ll_usb.o(i.USB_ReadInterrupts)
    USB_ReadPacket                           0x0800aa99   Thumb Code    62  stm32f4xx_ll_usb.o(i.USB_ReadPacket)
    USB_ResetPort                            0x0800aad7   Thumb Code    52  stm32f4xx_ll_usb.o(i.USB_ResetPort)
    USB_SetCurrentMode                       0x0800ab0b   Thumb Code    96  stm32f4xx_ll_usb.o(i.USB_SetCurrentMode)
    USB_StopHost                             0x0800ab6b   Thumb Code   146  stm32f4xx_ll_usb.o(i.USB_StopHost)
    USB_WritePacket                          0x0800abfd   Thumb Code    40  stm32f4xx_ll_usb.o(i.USB_WritePacket)
    UsageFault_Handler                       0x0800ac25   Thumb Code     2  stm32f4xx_it.o(i.UsageFault_Handler)
    WiFiConecting                            0x0800ac27   Thumb Code   334  uiprotact.o(i.WiFiConecting)
    WiFiOffLine                              0x0800ad75   Thumb Code    64  uiprotact.o(i.WiFiOffLine)
    WiFiOnLine                               0x0800adb5   Thumb Code    62  uiprotact.o(i.WiFiOnLine)
    WiFiYorN                                 0x0800adf5   Thumb Code    22  work.o(i.WiFiYorN)
    Window_Ctrl                              0x0800ae11   Thumb Code   298  equipmenu.o(i.Window_Ctrl)
    __0printf                                0x0800af81   Thumb Code    22  printfa.o(i.__0printf)
    __1printf                                0x0800af81   Thumb Code     0  printfa.o(i.__0printf)
    __2printf                                0x0800af81   Thumb Code     0  printfa.o(i.__0printf)
    __c89printf                              0x0800af81   Thumb Code     0  printfa.o(i.__0printf)
    printf                                   0x0800af81   Thumb Code     0  printfa.o(i.__0printf)
    __0sprintf                               0x0800afa1   Thumb Code    34  printfa.o(i.__0sprintf)
    __1sprintf                               0x0800afa1   Thumb Code     0  printfa.o(i.__0sprintf)
    __2sprintf                               0x0800afa1   Thumb Code     0  printfa.o(i.__0sprintf)
    __c89sprintf                             0x0800afa1   Thumb Code     0  printfa.o(i.__0sprintf)
    sprintf                                  0x0800afa1   Thumb Code     0  printfa.o(i.__0sprintf)
    __ARM_fpclassify                         0x0800afc9   Thumb Code    48  fpclassify.o(i.__ARM_fpclassify)
    __hardfp_pow                             0x0800b019   Thumb Code  3072  pow.o(i.__hardfp_pow)
    __kernel_poly                            0x0800bc69   Thumb Code   248  poly.o(i.__kernel_poly)
    __mathlib_dbl_divzero                    0x0800bd61   Thumb Code    28  dunder.o(i.__mathlib_dbl_divzero)
    __mathlib_dbl_infnan2                    0x0800bd91   Thumb Code    20  dunder.o(i.__mathlib_dbl_infnan2)
    __mathlib_dbl_invalid                    0x0800bda9   Thumb Code    24  dunder.o(i.__mathlib_dbl_invalid)
    __mathlib_dbl_overflow                   0x0800bdc9   Thumb Code    24  dunder.o(i.__mathlib_dbl_overflow)
    __mathlib_dbl_underflow                  0x0800bde9   Thumb Code    24  dunder.o(i.__mathlib_dbl_underflow)
    __scatterload_copy                       0x0800be09   Thumb Code    14  handlers.o(i.__scatterload_copy)
    __scatterload_null                       0x0800be17   Thumb Code     2  handlers.o(i.__scatterload_null)
    __scatterload_zeroinit                   0x0800be19   Thumb Code    14  handlers.o(i.__scatterload_zeroinit)
    __set_errno                              0x0800be29   Thumb Code     6  errno.o(i.__set_errno)
    fabs                                     0x0800c723   Thumb Code    24  fabs.o(i.fabs)
    fputc                                    0x0800c73d   Thumb Code    30  usart.o(i.fputc)
    free                                     0x0800c761   Thumb Code    76  malloc.o(i.free)
    main                                     0x0800c7b1   Thumb Code    78  main.o(i.main)
    malloc                                   0x0800c801   Thumb Code    92  malloc.o(i.malloc)
    sqrt                                     0x0800c86d   Thumb Code   110  sqrt.o(i.sqrt)
    AHBPrescTable                            0x0800c8da   Data          16  system_stm32f4xx.o(.constdata)
    APBPrescTable                            0x0800c8ea   Data           8  system_stm32f4xx.o(.constdata)
    ascii_1206                               0x0800c8f2   Data        1140  lcd.o(.constdata)
    ascii_1608                               0x0800cd66   Data        1520  lcd.o(.constdata)
    ascii_2412                               0x0800d356   Data        4560  lcd.o(.constdata)
    ascii_3216                               0x0800e526   Data        6080  lcd.o(.constdata)
    tfont12                                  0x0800fce6   Data        4108  lcd.o(.constdata)
    tfont16                                  0x08010cf2   Data        4692  lcd.o(.constdata)
    tfont24                                  0x08011f46   Data         370  lcd.o(.constdata)
    tfont32                                  0x080120b8   Data         260  lcd.o(.constdata)
    __mathlib_zero                           0x08012248   Data           8  qnan.o(.constdata)
    Region$$Table$$Base                      0x08012a5c   Number         0  anon$$obj.o(Region$$Table)
    Region$$Table$$Limit                     0x08012a7c   Number         0  anon$$obj.o(Region$$Table)
    Appli_state                              0x20000000   Data           1  usb_host.o(.data)
    uwTickFreq                               0x20000004   Data           1  stm32f4xx_hal.o(.data)
    uwTickPrio                               0x20000008   Data           4  stm32f4xx_hal.o(.data)
    uwTick                                   0x2000000c   Data           4  stm32f4xx_hal.o(.data)
    SystemCoreClock                          0x20000010   Data           4  system_stm32f4xx.o(.data)
    CDC_Class                                0x20000014   Data          32  usbh_cdc.o(.data)
    ASRNum_LED                               0x20000034   Data           4  asrpro.o(.data)
    ASRNum_TV                                0x20000038   Data           4  asrpro.o(.data)
    ASRNum_Air                               0x2000003c   Data           4  asrpro.o(.data)
    ASRNum_Hot                               0x20000040   Data           4  asrpro.o(.data)
    ASRNum_Window                            0x20000044   Data           4  asrpro.o(.data)
    IoTSwitchMode_Light                      0x20000054   Data           4  work.o(.data)
    IoTSwitchMode_SideLight                  0x20000058   Data           4  work.o(.data)
    IoTSwitchMode_TV                         0x2000005c   Data           4  work.o(.data)
    IoTSwitchMode_Hot                        0x20000060   Data           4  work.o(.data)
    IoTSwitchMode_Window                     0x20000064   Data           4  work.o(.data)
    IoTSwitchMode_Air                        0x20000068   Data           4  work.o(.data)
    Light_ActMode                            0x2000006c   Data           4  equipmenu.o(.data)
    Air_ActMode                              0x20000070   Data           4  equipmenu.o(.data)
    Window_ActMode                           0x20000074   Data           4  equipmenu.o(.data)
    Eat_ActMode                              0x20000078   Data           4  equipmenu.o(.data)
    TV_ActMode                               0x2000007c   Data           4  equipmenu.o(.data)
    HotWater_ActMode                         0x20000080   Data           4  equipmenu.o(.data)
    Temp                                     0x20000084   Data           1  monitormenu.o(.data)
    Humi                                     0x20000085   Data           1  monitormenu.o(.data)
    Lux                                      0x20000088   Data           4  monitormenu.o(.data)
    CO2                                      0x2000008c   Data           4  monitormenu.o(.data)
    Smoke                                    0x20000090   Data           4  monitormenu.o(.data)
    AutoMode_SideLight                       0x20000094   Data           4  monitormenu.o(.data)
    AutoMode_Window                          0x20000098   Data           4  monitormenu.o(.data)
    AutoMode_Air                             0x2000009c   Data           4  monitormenu.o(.data)
    Temp2                                    0x200000a4   Data           1  iot.o(.data)
    Humi2                                    0x200000a5   Data           1  iot.o(.data)
    TVIotMode                                0x200000a8   Data           4  iot.o(.data)
    HotIotMode                               0x200000ac   Data           4  iot.o(.data)
    AirIotMode                               0x200000b0   Data           4  iot.o(.data)
    LightIotMode                             0x200000b4   Data           4  iot.o(.data)
    WindowIotMode                            0x200000b8   Data           4  iot.o(.data)
    SideLightIotMode                         0x200000bc   Data           4  iot.o(.data)
    rx_index                                 0x200000c0   Data           4  iot.o(.data)
    Return_Num                               0x200000c4   Data           4  iot.o(.data)
    Lux2                                     0x200000c8   Data           4  iot.o(.data)
    CO22                                     0x200000cc   Data           4  iot.o(.data)
    Smoke2                                   0x200000d0   Data           4  iot.o(.data)
    __stdout                                 0x200000d4   Data           4  stdout.o(.data)
    __microlib_freelist                      0x200000d8   Data           4  mvars.o(.data)
    __microlib_freelist_initialised          0x200000dc   Data           4  mvars.o(.data)
    hadc1                                    0x200000e4   Data          72  adc.o(.bss)
    hi2c1                                    0x2000012c   Data          84  i2c.o(.bss)
    htim2                                    0x20000180   Data          72  tim.o(.bss)
    huart3                                   0x200001c8   Data          72  usart.o(.bss)
    hUsbHostFS                               0x20000210   Data         984  usb_host.o(.bss)
    hhcd_USB_OTG_FS                          0x200005e8   Data         992  usbh_conf.o(.bss)
    ShowSelectNum                            0x200009c8   Data          20  equipmenu.o(.bss)
    ShowLux                                  0x200009dc   Data          20  monitormenu.o(.bss)
    ShowCO2                                  0x200009f0   Data          20  monitormenu.o(.bss)
    ShowSmoke                                0x20000a04   Data          20  monitormenu.o(.bss)
    ShowTemp                                 0x20000a18   Data          20  monitormenu.o(.bss)
    ShowHumi                                 0x20000a2c   Data          20  monitormenu.o(.bss)
    Thresholds                               0x20000a40   Data          28  setmenu.o(.bss)
    ShowHighTemp                             0x20000a5c   Data          30  setmenu.o(.bss)
    ShowLowTemp                              0x20000a7a   Data          30  setmenu.o(.bss)
    ShowHighHumi                             0x20000a98   Data          30  setmenu.o(.bss)
    ShowLowHumi                              0x20000ab6   Data          30  setmenu.o(.bss)
    ShowHighLux                              0x20000ad4   Data          30  setmenu.o(.bss)
    ShowHighCO2                              0x20000af2   Data          30  setmenu.o(.bss)
    ShowHighSmoke                            0x20000b10   Data          30  setmenu.o(.bss)
    rx_buffer                                0x20000b2e   Data        2048  iot.o(.bss)
    __heap_base                              0x20001330   Data           0  startup_stm32f405xx.o(HEAP)
    __heap_limit                             0x20001530   Data           0  startup_stm32f405xx.o(HEAP)
    __initial_sp                             0x20001930   Data           0  startup_stm32f405xx.o(STACK)



==============================================================================

Memory Map of the image

  Image Entry point : 0x08000189

  Load Region LR_IROM1 (Base: 0x08000000, Size: 0x00012b60, Max: 0x00100000, ABSOLUTE)

    Execution Region ER_IROM1 (Exec base: 0x08000000, Load base: 0x08000000, Size: 0x00012a7c, Max: 0x00100000, ABSOLUTE)

    Exec Addr    Load Addr    Size         Type   Attr      Idx    E Section Name        Object

    0x08000000   0x08000000   0x00000188   Data   RO            3    RESET               startup_stm32f405xx.o
    0x08000188   0x08000188   0x00000000   Code   RO         6691  * .ARM.Collect$$$$00000000  mc_w.l(entry.o)
    0x08000188   0x08000188   0x00000004   Code   RO         7050    .ARM.Collect$$$$00000001  mc_w.l(entry2.o)
    0x0800018c   0x0800018c   0x00000004   Code   RO         7053    .ARM.Collect$$$$00000004  mc_w.l(entry5.o)
    0x08000190   0x08000190   0x00000000   Code   RO         7055    .ARM.Collect$$$$00000008  mc_w.l(entry7b.o)
    0x08000190   0x08000190   0x00000000   Code   RO         7057    .ARM.Collect$$$$0000000A  mc_w.l(entry8b.o)
    0x08000190   0x08000190   0x00000008   Code   RO         7058    .ARM.Collect$$$$0000000B  mc_w.l(entry9a.o)
    0x08000198   0x08000198   0x00000000   Code   RO         7060    .ARM.Collect$$$$0000000D  mc_w.l(entry10a.o)
    0x08000198   0x08000198   0x00000000   Code   RO         7062    .ARM.Collect$$$$0000000F  mc_w.l(entry11a.o)
    0x08000198   0x08000198   0x00000004   Code   RO         7051    .ARM.Collect$$$$00002712  mc_w.l(entry2.o)
    0x0800019c   0x0800019c   0x00000024   Code   RO            4    .text               startup_stm32f405xx.o
    0x080001c0   0x080001c0   0x00000062   Code   RO         6694    .text               mc_w.l(uldiv.o)
    0x08000222   0x08000222   0x00000024   Code   RO         6698    .text               mc_w.l(memcpya.o)
    0x08000246   0x08000246   0x00000024   Code   RO         6700    .text               mc_w.l(memseta.o)
    0x0800026a   0x0800026a   0x00000024   Code   RO         6702    .text               mc_w.l(strstr.o)
    0x0800028e   0x0800028e   0x0000000e   Code   RO         6706    .text               mc_w.l(strlen.o)
    0x0800029c   0x0800029c   0x0000014e   Code   RO         7003    .text               mf_w.l(dadd.o)
    0x080003ea   0x080003ea   0x000000e4   Code   RO         7005    .text               mf_w.l(dmul.o)
    0x080004ce   0x080004ce   0x000000de   Code   RO         7007    .text               mf_w.l(ddiv.o)
    0x080005ac   0x080005ac   0x00000022   Code   RO         7009    .text               mf_w.l(dflti.o)
    0x080005ce   0x080005ce   0x00000026   Code   RO         7013    .text               mf_w.l(f2d.o)
    0x080005f4   0x080005f4   0x00000030   Code   RO         7017    .text               mf_w.l(cdrcmple.o)
    0x08000624   0x08000624   0x00000038   Code   RO         7019    .text               mf_w.l(d2f.o)
    0x0800065c   0x0800065c   0x0000002c   Code   RO         7065    .text               mc_w.l(uidiv.o)
    0x08000688   0x08000688   0x0000001e   Code   RO         7067    .text               mc_w.l(llshl.o)
    0x080006a6   0x080006a6   0x00000020   Code   RO         7069    .text               mc_w.l(llushr.o)
    0x080006c6   0x080006c6   0x00000024   Code   RO         7071    .text               mc_w.l(llsshr.o)
    0x080006ea   0x080006ea   0x00000000   Code   RO         7082    .text               mc_w.l(iusefp.o)
    0x080006ea   0x080006ea   0x0000006e   Code   RO         7083    .text               mf_w.l(fepilogue.o)
    0x08000758   0x08000758   0x000000ba   Code   RO         7085    .text               mf_w.l(depilogue.o)
    0x08000812   0x08000812   0x0000002e   Code   RO         7089    .text               mf_w.l(dscalb.o)
    0x08000840   0x08000840   0x00000030   Code   RO         7091    .text               mf_w.l(dfixul.o)
    0x08000870   0x08000870   0x00000024   Code   RO         7093    .text               mc_w.l(init.o)
    0x08000894   0x08000894   0x000000a2   Code   RO         7095    .text               mf_w.l(dsqrt.o)
    0x08000936   0x08000936   0x00000002   PAD
    0x08000938   0x08000938   0x00000130   Code   RO         2528    i.ADC_Init          stm32f4xx_hal_adc.o
    0x08000a68   0x08000a68   0x00000074   Code   RO         5452    i.ASR_Scan          asrpro.o
    0x08000adc   0x08000adc   0x00000036   Code   RO         5602    i.AT24C02_Init      at24c02.o
    0x08000b12   0x08000b12   0x00000016   Code   RO         5603    i.AT24C02_IsDeviceReady  at24c02.o
    0x08000b28   0x08000b28   0x0000004c   Code   RO         5605    i.AT24C02_LoadThresholds  at24c02.o
    0x08000b74   0x08000b74   0x00000032   Code   RO         5606    i.AT24C02_ReadBuffer  at24c02.o
    0x08000ba6   0x08000ba6   0x0000002c   Code   RO         5607    i.AT24C02_ReadByte  at24c02.o
    0x08000bd2   0x08000bd2   0x00000002   PAD
    0x08000bd4   0x08000bd4   0x00000050   Code   RO         5608    i.AT24C02_SaveThresholds  at24c02.o
    0x08000c24   0x08000c24   0x00000044   Code   RO         5609    i.AT24C02_WriteByte  at24c02.o
    0x08000c68   0x08000c68   0x000000a6   Code   RO         5610    i.AT24C02_WritePage  at24c02.o
    0x08000d0e   0x08000d0e   0x00000002   PAD
    0x08000d10   0x08000d10   0x00000170   Code   RO         6042    i.Air_Ctrl          equipmenu.o
    0x08000e80   0x08000e80   0x0000002c   Code   RO         5191    i.BEEP_Alarm        beep.o
    0x08000eac   0x08000eac   0x00000028   Code   RO         5192    i.BEEP_BiBi         beep.o
    0x08000ed4   0x08000ed4   0x00000010   Code   RO         5193    i.BEEP_OFF          beep.o
    0x08000ee4   0x08000ee4   0x00000010   Code   RO         5194    i.BEEP_ON           beep.o
    0x08000ef4   0x08000ef4   0x00000002   Code   RO          479    i.BusFault_Handler  stm32f4xx_it.o
    0x08000ef6   0x08000ef6   0x0000006a   Code   RO         5067    i.CDC_ProcessReception  usbh_cdc.o
    0x08000f60   0x08000f60   0x00000088   Code   RO         5068    i.CDC_ProcessTransmission  usbh_cdc.o
    0x08000fe8   0x08000fe8   0x0000005c   Code   RO         5539    i.DHT11_Check       dht.o
    0x08001044   0x08001044   0x00000054   Code   RO         5540    i.DHT11_Init        dht.o
    0x08001098   0x08001098   0x00000034   Code   RO         5541    i.DHT11_Mode        dht.o
    0x080010cc   0x080010cc   0x00000058   Code   RO         5542    i.DHT11_Read_Bit    dht.o
    0x08001124   0x08001124   0x0000001a   Code   RO         5543    i.DHT11_Read_Byte   dht.o
    0x0800113e   0x0800113e   0x00000050   Code   RO         5544    i.DHT11_Read_Data   dht.o
    0x0800118e   0x0800118e   0x00000002   PAD
    0x08001190   0x08001190   0x00000034   Code   RO         5545    i.DHT11_Rst         dht.o
    0x080011c4   0x080011c4   0x00000034   Code   RO           13    i.DWT_Init          main.o
    0x080011f8   0x080011f8   0x000002c8   Code   RO         6109    i.DataMonitoring    monitormenu.o
    0x080014c0   0x080014c0   0x00000078   Code   RO         4693    i.DeInitStateMachine  usbh_core.o
    0x08001538   0x08001538   0x00000002   Code   RO          480    i.DebugMon_Handler  stm32f4xx_it.o
    0x0800153a   0x0800153a   0x000000bc   Code   RO         5835    i.Draw_Circle       lcd.o
    0x080015f6   0x080015f6   0x00000002   PAD
    0x080015f8   0x080015f8   0x00000174   Code   RO         6043    i.Eat_Ctrl          equipmenu.o
    0x0800176c   0x0800176c   0x0000007c   Code   RO         5718    i.EquipManageSelected  uiprotact.o
    0x080017e8   0x080017e8   0x0000006c   Code   RO         5719    i.EquipManageUnSelect  uiprotact.o
    0x08001854   0x08001854   0x00000664   Code   RO         6044    i.EquipSetMenu      equipmenu.o
    0x08001eb8   0x08001eb8   0x00000004   Code   RO           14    i.Error_Handler     main.o
    0x08001ebc   0x08001ebc   0x000001a8   Code   RO         6140    i.FirstSetMenu      setmenu.o
    0x08002064   0x08002064   0x00000016   Code   RO         5069    i.GetLineCoding     usbh_cdc.o
    0x0800207a   0x0800207a   0x00000002   PAD
    0x0800207c   0x0800207c   0x000001d4   Code   RO         2698    i.HAL_ADCEx_InjectedConfigChannel  stm32f4xx_hal_adc_ex.o
    0x08002250   0x08002250   0x00000158   Code   RO         2530    i.HAL_ADC_ConfigChannel  stm32f4xx_hal_adc.o
    0x080023a8   0x080023a8   0x00000006   Code   RO         2537    i.HAL_ADC_GetValue  stm32f4xx_hal_adc.o
    0x080023ae   0x080023ae   0x00000054   Code   RO         2539    i.HAL_ADC_Init      stm32f4xx_hal_adc.o
    0x08002402   0x08002402   0x00000002   PAD
    0x08002404   0x08002404   0x00000060   Code   RO          300    i.HAL_ADC_MspInit   adc.o
    0x08002464   0x08002464   0x000000aa   Code   RO         2543    i.HAL_ADC_PollForConversion  stm32f4xx_hal_adc.o
    0x0800250e   0x0800250e   0x00000002   PAD
    0x08002510   0x08002510   0x00000114   Code   RO         2545    i.HAL_ADC_Start     stm32f4xx_hal_adc.o
    0x08002624   0x08002624   0x00000024   Code   RO         2274    i.HAL_Delay         stm32f4xx_hal.o
    0x08002648   0x08002648   0x00000028   Code   RO           15    i.HAL_Delay_us      main.o
    0x08002670   0x08002670   0x000001d0   Code   RO         1730    i.HAL_GPIO_Init     stm32f4xx_hal_gpio.o
    0x08002840   0x08002840   0x0000000e   Code   RO         1732    i.HAL_GPIO_ReadPin  stm32f4xx_hal_gpio.o
    0x0800284e   0x0800284e   0x0000000e   Code   RO         1734    i.HAL_GPIO_WritePin  stm32f4xx_hal_gpio.o
    0x0800285c   0x0800285c   0x0000000c   Code   RO         2280    i.HAL_GetTick       stm32f4xx_hal.o
    0x08002868   0x08002868   0x00000008   Code   RO          647    i.HAL_HCD_Connect_Callback  usbh_conf.o
    0x08002870   0x08002870   0x00000008   Code   RO          648    i.HAL_HCD_Disconnect_Callback  usbh_conf.o
    0x08002878   0x08002878   0x00000006   Code   RO          828    i.HAL_HCD_GetCurrentFrame  stm32f4xx_hal_hcd.o
    0x0800287e   0x0800287e   0x00000006   Code   RO          829    i.HAL_HCD_GetCurrentSpeed  stm32f4xx_hal_hcd.o
    0x08002884   0x08002884   0x00000018   Code   RO          831    i.HAL_HCD_HC_ClearHubInfo  stm32f4xx_hal_hcd.o
    0x0800289c   0x0800289c   0x0000000e   Code   RO          833    i.HAL_HCD_HC_GetURBState  stm32f4xx_hal_hcd.o
    0x080028aa   0x080028aa   0x0000000c   Code   RO          834    i.HAL_HCD_HC_GetXferCount  stm32f4xx_hal_hcd.o
    0x080028b6   0x080028b6   0x00000024   Code   RO          835    i.HAL_HCD_HC_Halt   stm32f4xx_hal_hcd.o
    0x080028da   0x080028da   0x00000096   Code   RO          836    i.HAL_HCD_HC_Init   stm32f4xx_hal_hcd.o
    0x08002970   0x08002970   0x00000002   Code   RO          649    i.HAL_HCD_HC_NotifyURBChange_Callback  usbh_conf.o
    0x08002972   0x08002972   0x000000f4   Code   RO          839    i.HAL_HCD_HC_SubmitRequest  stm32f4xx_hal_hcd.o
    0x08002a66   0x08002a66   0x00000144   Code   RO          840    i.HAL_HCD_IRQHandler  stm32f4xx_hal_hcd.o
    0x08002baa   0x08002baa   0x00000084   Code   RO          841    i.HAL_HCD_Init      stm32f4xx_hal_hcd.o
    0x08002c2e   0x08002c2e   0x00000002   PAD
    0x08002c30   0x08002c30   0x00000084   Code   RO          651    i.HAL_HCD_MspInit   usbh_conf.o
    0x08002cb4   0x08002cb4   0x00000008   Code   RO          652    i.HAL_HCD_PortDisabled_Callback  usbh_conf.o
    0x08002cbc   0x08002cbc   0x00000008   Code   RO          653    i.HAL_HCD_PortEnabled_Callback  usbh_conf.o
    0x08002cc4   0x08002cc4   0x00000006   Code   RO          846    i.HAL_HCD_ResetPort  stm32f4xx_hal_hcd.o
    0x08002cca   0x08002cca   0x00000008   Code   RO          654    i.HAL_HCD_SOF_Callback  usbh_conf.o
    0x08002cd2   0x08002cd2   0x0000002c   Code   RO          848    i.HAL_HCD_Start     stm32f4xx_hal_hcd.o
    0x08002cfe   0x08002cfe   0x00000024   Code   RO          849    i.HAL_HCD_Stop      stm32f4xx_hal_hcd.o
    0x08002d22   0x08002d22   0x00000002   PAD
    0x08002d24   0x08002d24   0x00000198   Code   RO         2814    i.HAL_I2C_Init      stm32f4xx_hal_i2c.o
    0x08002ebc   0x08002ebc   0x00000178   Code   RO         2815    i.HAL_I2C_IsDeviceReady  stm32f4xx_hal_i2c.o
    0x08003034   0x08003034   0x000002a0   Code   RO         2820    i.HAL_I2C_Master_Receive  stm32f4xx_hal_i2c.o
    0x080032d4   0x080032d4   0x00000148   Code   RO         2827    i.HAL_I2C_Master_Transmit  stm32f4xx_hal_i2c.o
    0x0800341c   0x0800341c   0x0000006c   Code   RO          342    i.HAL_I2C_MspInit   i2c.o
    0x08003488   0x08003488   0x00000010   Code   RO         2286    i.HAL_IncTick       stm32f4xx_hal.o
    0x08003498   0x08003498   0x00000034   Code   RO         2287    i.HAL_Init          stm32f4xx_hal.o
    0x080034cc   0x080034cc   0x00000044   Code   RO         2288    i.HAL_InitTick      stm32f4xx_hal.o
    0x08003510   0x08003510   0x00000030   Code   RO          561    i.HAL_MspInit       stm32f4xx_hal_msp.o
    0x08003540   0x08003540   0x0000001a   Code   RO         2122    i.HAL_NVIC_EnableIRQ  stm32f4xx_hal_cortex.o
    0x0800355a   0x0800355a   0x00000002   PAD
    0x0800355c   0x0800355c   0x00000040   Code   RO         2128    i.HAL_NVIC_SetPriority  stm32f4xx_hal_cortex.o
    0x0800359c   0x0800359c   0x00000024   Code   RO         2129    i.HAL_NVIC_SetPriorityGrouping  stm32f4xx_hal_cortex.o
    0x080035c0   0x080035c0   0x0000014c   Code   RO         1331    i.HAL_RCC_ClockConfig  stm32f4xx_hal_rcc.o
    0x0800370c   0x0800370c   0x0000000c   Code   RO         1336    i.HAL_RCC_GetHCLKFreq  stm32f4xx_hal_rcc.o
    0x08003718   0x08003718   0x00000020   Code   RO         1338    i.HAL_RCC_GetPCLK1Freq  stm32f4xx_hal_rcc.o
    0x08003738   0x08003738   0x00000020   Code   RO         1339    i.HAL_RCC_GetPCLK2Freq  stm32f4xx_hal_rcc.o
    0x08003758   0x08003758   0x0000006c   Code   RO         1340    i.HAL_RCC_GetSysClockFreq  stm32f4xx_hal_rcc.o
    0x080037c4   0x080037c4   0x000003c0   Code   RO         1343    i.HAL_RCC_OscConfig  stm32f4xx_hal_rcc.o
    0x08003b84   0x08003b84   0x00000028   Code   RO         2133    i.HAL_SYSTICK_Config  stm32f4xx_hal_cortex.o
    0x08003bac   0x08003bac   0x00000090   Code   RO         4034    i.HAL_TIMEx_MasterConfigSynchronization  stm32f4xx_hal_tim_ex.o
    0x08003c3c   0x08003c3c   0x0000004a   Code   RO         3300    i.HAL_TIM_Base_Init  stm32f4xx_hal_tim.o
    0x08003c86   0x08003c86   0x00000002   PAD
    0x08003c88   0x08003c88   0x00000024   Code   RO          384    i.HAL_TIM_Base_MspInit  tim.o
    0x08003cac   0x08003cac   0x000000e8   Code   RO         3309    i.HAL_TIM_ConfigClockSource  stm32f4xx_hal_tim.o
    0x08003d94   0x08003d94   0x0000004c   Code   RO          385    i.HAL_TIM_MspPostInit  tim.o
    0x08003de0   0x08003de0   0x000000d8   Code   RO         3372    i.HAL_TIM_PWM_ConfigChannel  stm32f4xx_hal_tim.o
    0x08003eb8   0x08003eb8   0x0000004a   Code   RO         3375    i.HAL_TIM_PWM_Init  stm32f4xx_hal_tim.o
    0x08003f02   0x08003f02   0x00000002   Code   RO         3377    i.HAL_TIM_PWM_MspInit  stm32f4xx_hal_tim.o
    0x08003f04   0x08003f04   0x000000dc   Code   RO         3380    i.HAL_TIM_PWM_Start  stm32f4xx_hal_tim.o
    0x08003fe0   0x08003fe0   0x00000066   Code   RO         4312    i.HAL_UART_Init     stm32f4xx_hal_uart.o
    0x08004046   0x08004046   0x00000002   PAD
    0x08004048   0x08004048   0x000000a8   Code   RO          432    i.HAL_UART_MspInit  usart.o
    0x080040f0   0x080040f0   0x000000ae   Code   RO         4320    i.HAL_UART_Transmit  stm32f4xx_hal_uart.o
    0x0800419e   0x0800419e   0x0000041a   Code   RO          851    i.HCD_HC_IN_IRQHandler  stm32f4xx_hal_hcd.o
    0x080045b8   0x080045b8   0x0000033a   Code   RO          852    i.HCD_HC_OUT_IRQHandler  stm32f4xx_hal_hcd.o
    0x080048f2   0x080048f2   0x000000a0   Code   RO          853    i.HCD_Port_IRQHandler  stm32f4xx_hal_hcd.o
    0x08004992   0x08004992   0x00000086   Code   RO          854    i.HCD_RXQLVL_IRQHandler  stm32f4xx_hal_hcd.o
    0x08004a18   0x08004a18   0x00000002   Code   RO          481    i.HardFault_Handler  stm32f4xx_it.o
    0x08004a1a   0x08004a1a   0x00000002   PAD
    0x08004a1c   0x08004a1c   0x0000007c   Code   RO         5720    i.HomeUI_Protract   uiprotact.o
    0x08004a98   0x08004a98   0x00000170   Code   RO         6045    i.HotWater_Ctrl     equipmenu.o
    0x08004c08   0x08004c08   0x0000015c   Code   RO         5721    i.HouseArt          uiprotact.o
    0x08004d64   0x08004d64   0x0000000c   Code   RO         5611    i.I2C_Init          at24c02.o
    0x08004d70   0x08004d70   0x0000002e   Code   RO         2858    i.I2C_IsAcknowledgeFailed  stm32f4xx_hal_i2c.o
    0x08004d9e   0x08004d9e   0x00000002   PAD
    0x08004da0   0x08004da0   0x00000114   Code   RO         2861    i.I2C_MasterRequestRead  stm32f4xx_hal_i2c.o
    0x08004eb4   0x08004eb4   0x000000b0   Code   RO         2862    i.I2C_MasterRequestWrite  stm32f4xx_hal_i2c.o
    0x08004f64   0x08004f64   0x00000058   Code   RO         2878    i.I2C_WaitOnBTFFlagUntilTimeout  stm32f4xx_hal_i2c.o
    0x08004fbc   0x08004fbc   0x000000ac   Code   RO         2879    i.I2C_WaitOnFlagUntilTimeout  stm32f4xx_hal_i2c.o
    0x08005068   0x08005068   0x000000c8   Code   RO         2880    i.I2C_WaitOnMasterAddressFlagUntilTimeout  stm32f4xx_hal_i2c.o
    0x08005130   0x08005130   0x00000076   Code   RO         2881    i.I2C_WaitOnRXNEFlagUntilTimeout  stm32f4xx_hal_i2c.o
    0x080051a6   0x080051a6   0x00000058   Code   RO         2884    i.I2C_WaitOnTXEFlagUntilTimeout  stm32f4xx_hal_i2c.o
    0x080051fe   0x080051fe   0x00000002   PAD
    0x08005200   0x08005200   0x00000204   Code   RO         6578    i.IoT_Conect        iot.o
    0x08005404   0x08005404   0x00000044   Code   RO         6579    i.JSON_Parse_Air_State  iot.o
    0x08005448   0x08005448   0x00000044   Code   RO         6580    i.JSON_Parse_Hot_State  iot.o
    0x0800548c   0x0800548c   0x00000048   Code   RO         6581    i.JSON_Parse_Light_State  iot.o
    0x080054d4   0x080054d4   0x0000004c   Code   RO         6582    i.JSON_Parse_SideLight_State  iot.o
    0x08005520   0x08005520   0x00000044   Code   RO         6583    i.JSON_Parse_TV_State  iot.o
    0x08005564   0x08005564   0x00000048   Code   RO         6584    i.JSON_Parse_Window_State  iot.o
    0x080055ac   0x080055ac   0x000000fc   Code   RO         5236    i.Key_Scan          key.o
    0x080056a8   0x080056a8   0x00000042   Code   RO         5836    i.LCD_Address_Set   lcd.o
    0x080056ea   0x080056ea   0x0000009a   Code   RO         5837    i.LCD_DrawLine      lcd.o
    0x08005784   0x08005784   0x00000016   Code   RO         5838    i.LCD_DrawPoint     lcd.o
    0x0800579a   0x0800579a   0x00000040   Code   RO         5840    i.LCD_Fill          lcd.o
    0x080057da   0x080057da   0x00000002   PAD
    0x080057dc   0x080057dc   0x00000010   Code   RO         5841    i.LCD_GPIO_Init     lcd.o
    0x080057ec   0x080057ec   0x00000204   Code   RO         5842    i.LCD_Init          lcd.o
    0x080059f0   0x080059f0   0x0000011c   Code   RO         5843    i.LCD_ShowChar      lcd.o
    0x08005b0c   0x08005b0c   0x00000086   Code   RO         5844    i.LCD_ShowChinese   lcd.o
    0x08005b92   0x08005b92   0x00000002   PAD
    0x08005b94   0x08005b94   0x00000104   Code   RO         5845    i.LCD_ShowChinese12x12  lcd.o
    0x08005c98   0x08005c98   0x00000100   Code   RO         5846    i.LCD_ShowChinese16x16  lcd.o
    0x08005d98   0x08005d98   0x00000104   Code   RO         5847    i.LCD_ShowChinese24x24  lcd.o
    0x08005e9c   0x08005e9c   0x00000100   Code   RO         5848    i.LCD_ShowChinese32x32  lcd.o
    0x08005f9c   0x08005f9c   0x00000036   Code   RO         5852    i.LCD_ShowString    lcd.o
    0x08005fd2   0x08005fd2   0x00000014   Code   RO         5853    i.LCD_WR_DATA       lcd.o
    0x08005fe6   0x08005fe6   0x00000004   Code   RO         5854    i.LCD_WR_DATA8      lcd.o
    0x08005fea   0x08005fea   0x00000002   PAD
    0x08005fec   0x08005fec   0x00000028   Code   RO         5855    i.LCD_WR_REG        lcd.o
    0x08006014   0x08006014   0x00000060   Code   RO         5856    i.LCD_Writ_Bus      lcd.o
    0x08006074   0x08006074   0x0000002c   Code   RO         5264    i.LED_Flashing      led.o
    0x080060a0   0x080060a0   0x00000010   Code   RO         5266    i.LED_OFF           led.o
    0x080060b0   0x080060b0   0x00000010   Code   RO         5267    i.LED_ON            led.o
    0x080060c0   0x080060c0   0x00000054   Code   RO         5482    i.LightSensor_GetADCValue  adcsensor.o
    0x08006114   0x08006114   0x0000002c   Code   RO         5483    i.LightSensor_GetLux  adcsensor.o
    0x08006140   0x08006140   0x00000170   Code   RO         6046    i.Light_Ctrl        equipmenu.o
    0x080062b0   0x080062b0   0x00000054   Code   RO         5484    i.MQ135_GetData     adcsensor.o
    0x08006304   0x08006304   0x000000c8   Code   RO         5485    i.MQ135_GetData_PPM  adcsensor.o
    0x080063cc   0x080063cc   0x00000054   Code   RO         5486    i.MQ2_GetData       adcsensor.o
    0x08006420   0x08006420   0x000000c8   Code   RO         5487    i.MQ2_GetData_PPM   adcsensor.o
    0x080064e8   0x080064e8   0x000000ac   Code   RO          301    i.MX_ADC1_Init      adc.o
    0x08006594   0x08006594   0x00000108   Code   RO          275    i.MX_GPIO_Init      gpio.o
    0x0800669c   0x0800669c   0x00000040   Code   RO          343    i.MX_I2C1_Init      i2c.o
    0x080066dc   0x080066dc   0x0000009c   Code   RO          386    i.MX_TIM2_Init      tim.o
    0x08006778   0x08006778   0x00000038   Code   RO          433    i.MX_USART3_UART_Init  usart.o
    0x080067b0   0x080067b0   0x00000040   Code   RO          585    i.MX_USB_HOST_Init  usb_host.o
    0x080067f0   0x080067f0   0x0000000c   Code   RO          586    i.MX_USB_HOST_Process  usb_host.o
    0x080067fc   0x080067fc   0x00000002   Code   RO          482    i.MemManage_Handler  stm32f4xx_it.o
    0x080067fe   0x080067fe   0x00000002   PAD
    0x08006800   0x08006800   0x000000a8   Code   RO         5722    i.MenuChecking      uiprotact.o
    0x080068a8   0x080068a8   0x000002e4   Code   RO         6141    i.Menu_CO2          setmenu.o
    0x08006b8c   0x08006b8c   0x00000384   Code   RO         6142    i.Menu_Humi         setmenu.o
    0x08006f10   0x08006f10   0x000002cc   Code   RO         6143    i.Menu_Lux          setmenu.o
    0x080071dc   0x080071dc   0x000002e0   Code   RO         6144    i.Menu_Smoke        setmenu.o
    0x080074bc   0x080074bc   0x000003d0   Code   RO         6145    i.Menu_Temp         setmenu.o
    0x0800788c   0x0800788c   0x00000094   Code   RO         5723    i.MonitorSelected   uiprotact.o
    0x08007920   0x08007920   0x00000084   Code   RO         5724    i.MonitorUnSelect   uiprotact.o
    0x080079a4   0x080079a4   0x00000002   Code   RO          483    i.NMI_Handler       stm32f4xx_it.o
    0x080079a6   0x080079a6   0x00000002   PAD
    0x080079a8   0x080079a8   0x0000000c   Code   RO          484    i.OTG_FS_IRQHandler  stm32f4xx_it.o
    0x080079b4   0x080079b4   0x000000a0   Code   RO         6585    i.ParseAndProcessJSON  iot.o
    0x08007a54   0x08007a54   0x00000002   Code   RO          485    i.PendSV_Handler    stm32f4xx_it.o
    0x08007a56   0x08007a56   0x00000002   PAD
    0x08007a58   0x08007a58   0x00000010   Code   RO         5314    i.Relay1_OFF        relays.o
    0x08007a68   0x08007a68   0x00000010   Code   RO         5315    i.Relay1_ON         relays.o
    0x08007a78   0x08007a78   0x00000010   Code   RO         5316    i.Relay2_OFF        relays.o
    0x08007a88   0x08007a88   0x00000010   Code   RO         5317    i.Relay2_ON         relays.o
    0x08007a98   0x08007a98   0x00000010   Code   RO         5318    i.Relay3_OFF        relays.o
    0x08007aa8   0x08007aa8   0x00000010   Code   RO         5319    i.Relay3_ON         relays.o
    0x08007ab8   0x08007ab8   0x00000010   Code   RO         5320    i.Relay4_OFF        relays.o
    0x08007ac8   0x08007ac8   0x00000010   Code   RO         5321    i.Relay4_ON         relays.o
    0x08007ad8   0x08007ad8   0x00000010   Code   RO         5322    i.Relay5_OFF        relays.o
    0x08007ae8   0x08007ae8   0x00000010   Code   RO         5323    i.Relay5_ON         relays.o
    0x08007af8   0x08007af8   0x00000002   Code   RO          486    i.SVC_Handler       stm32f4xx_it.o
    0x08007afa   0x08007afa   0x00000002   PAD
    0x08007afc   0x08007afc   0x000001c8   Code   RO         6586    i.SendDataToIoT     iot.o
    0x08007cc4   0x08007cc4   0x0000001c   Code   RO         5407    i.Servo_Init        servo.o
    0x08007ce0   0x08007ce0   0x00000024   Code   RO         5408    i.Servo_Turn        servo.o
    0x08007d04   0x08007d04   0x00000006   Code   RO         5409    i.Servo_TurnOFF     servo.o
    0x08007d0a   0x08007d0a   0x00000006   Code   RO         5410    i.Servo_TurnOn      servo.o
    0x08007d10   0x08007d10   0x00000016   Code   RO         5070    i.SetLineCoding     usbh_cdc.o
    0x08007d26   0x08007d26   0x00000002   PAD
    0x08007d28   0x08007d28   0x00000990   Code   RO         6146    i.SetMenu           setmenu.o
    0x080086b8   0x080086b8   0x000000dc   Code   RO         5725    i.SetSelected       uiprotact.o
    0x08008794   0x08008794   0x000000cc   Code   RO         5726    i.SetUnSelect       uiprotact.o
    0x08008860   0x08008860   0x00000174   Code   RO         6006    i.SyetemWorking     work.o
    0x080089d4   0x080089d4   0x00000004   Code   RO          487    i.SysTick_Handler   stm32f4xx_it.o
    0x080089d8   0x080089d8   0x00000094   Code   RO           16    i.SystemClock_Config  main.o
    0x08008a6c   0x08008a6c   0x00000010   Code   RO         4656    i.SystemInit        system_stm32f4xx.o
    0x08008a7c   0x08008a7c   0x000000d4   Code   RO         3393    i.TIM_Base_SetConfig  stm32f4xx_hal_tim.o
    0x08008b50   0x08008b50   0x0000001a   Code   RO         3394    i.TIM_CCxChannelCmd  stm32f4xx_hal_tim.o
    0x08008b6a   0x08008b6a   0x00000014   Code   RO         3404    i.TIM_ETR_SetConfig  stm32f4xx_hal_tim.o
    0x08008b7e   0x08008b7e   0x00000010   Code   RO         3405    i.TIM_ITRx_SetConfig  stm32f4xx_hal_tim.o
    0x08008b8e   0x08008b8e   0x00000002   PAD
    0x08008b90   0x08008b90   0x00000068   Code   RO         3406    i.TIM_OC1_SetConfig  stm32f4xx_hal_tim.o
    0x08008bf8   0x08008bf8   0x00000074   Code   RO         3407    i.TIM_OC2_SetConfig  stm32f4xx_hal_tim.o
    0x08008c6c   0x08008c6c   0x00000070   Code   RO         3408    i.TIM_OC3_SetConfig  stm32f4xx_hal_tim.o
    0x08008cdc   0x08008cdc   0x00000054   Code   RO         3409    i.TIM_OC4_SetConfig  stm32f4xx_hal_tim.o
    0x08008d30   0x08008d30   0x00000022   Code   RO         3411    i.TIM_TI1_ConfigInputStage  stm32f4xx_hal_tim.o
    0x08008d52   0x08008d52   0x00000024   Code   RO         3413    i.TIM_TI2_ConfigInputStage  stm32f4xx_hal_tim.o
    0x08008d76   0x08008d76   0x00000002   PAD
    0x08008d78   0x08008d78   0x00000174   Code   RO         6047    i.TV_Ctrl           equipmenu.o
    0x08008eec   0x08008eec   0x0000004e   Code   RO         4335    i.UART_EndRxTransfer  stm32f4xx_hal_uart.o
    0x08008f3a   0x08008f3a   0x00000002   PAD
    0x08008f3c   0x08008f3c   0x00000114   Code   RO         4339    i.UART_SetConfig    stm32f4xx_hal_uart.o
    0x08009050   0x08009050   0x00000074   Code   RO         4343    i.UART_WaitOnFlagUntilTimeout  stm32f4xx_hal_uart.o
    0x080090c4   0x080090c4   0x0000006c   Code   RO         6587    i.USART3_IRQHandler  iot.o
    0x08009130   0x08009130   0x00000028   Code   RO         5020    i.USBH_AllocPipe    usbh_pipes.o
    0x08009158   0x08009158   0x00000020   Code   RO         4948    i.USBH_BulkReceiveData  usbh_ioreq.o
    0x08009178   0x08009178   0x0000002c   Code   RO         4949    i.USBH_BulkSendData  usbh_ioreq.o
    0x080091a4   0x080091a4   0x00000024   Code   RO         5071    i.USBH_CDC_ClassRequest  usbh_cdc.o
    0x080091c8   0x080091c8   0x00000060   Code   RO         5074    i.USBH_CDC_InterfaceDeInit  usbh_cdc.o
    0x08009228   0x08009228   0x00000154   Code   RO         5075    i.USBH_CDC_InterfaceInit  usbh_cdc.o
    0x0800937c   0x0800937c   0x00000002   Code   RO         5076    i.USBH_CDC_LineCodingChanged  usbh_cdc.o
    0x0800937e   0x0800937e   0x000000b2   Code   RO         5077    i.USBH_CDC_Process  usbh_cdc.o
    0x08009430   0x08009430   0x00000002   Code   RO         5079    i.USBH_CDC_ReceiveCallback  usbh_cdc.o
    0x08009432   0x08009432   0x00000004   Code   RO         5080    i.USBH_CDC_SOFProcess  usbh_cdc.o
    0x08009436   0x08009436   0x00000002   Code   RO         5084    i.USBH_CDC_TransmitCallback  usbh_cdc.o
    0x08009438   0x08009438   0x0000000a   Code   RO         5021    i.USBH_ClosePipe    usbh_pipes.o
    0x08009442   0x08009442   0x0000001e   Code   RO         4834    i.USBH_ClrFeature   usbh_ctlreq.o
    0x08009460   0x08009460   0x00000020   Code   RO         4950    i.USBH_CtlReceiveData  usbh_ioreq.o
    0x08009480   0x08009480   0x0000003a   Code   RO         4835    i.USBH_CtlReq       usbh_ctlreq.o
    0x080094ba   0x080094ba   0x0000002c   Code   RO         4951    i.USBH_CtlSendData  usbh_ioreq.o
    0x080094e6   0x080094e6   0x0000001e   Code   RO         4952    i.USBH_CtlSendSetup  usbh_ioreq.o
    0x08009504   0x08009504   0x00000004   Code   RO          655    i.USBH_Delay        usbh_conf.o
    0x08009508   0x08009508   0x00000044   Code   RO         4695    i.USBH_FindInterface  usbh_core.o
    0x0800954c   0x0800954c   0x00000018   Code   RO         5022    i.USBH_FreePipe     usbh_pipes.o
    0x08009564   0x08009564   0x00000038   Code   RO         4836    i.USBH_GetDescriptor  usbh_ctlreq.o
    0x0800959c   0x0800959c   0x0000001e   Code   RO         5023    i.USBH_GetFreePipe  usbh_pipes.o
    0x080095ba   0x080095ba   0x0000000e   Code   RO         4837    i.USBH_GetNextDesc  usbh_ctlreq.o
    0x080095c8   0x080095c8   0x00000036   Code   RO         4838    i.USBH_Get_CfgDesc  usbh_ctlreq.o
    0x080095fe   0x080095fe   0x00000036   Code   RO         4839    i.USBH_Get_DevDesc  usbh_ctlreq.o
    0x08009634   0x08009634   0x00000038   Code   RO         4840    i.USBH_Get_StringDesc  usbh_ctlreq.o
    0x0800966c   0x0800966c   0x00000024   Code   RO          656    i.USBH_Get_USB_Status  usbh_conf.o
    0x08009690   0x08009690   0x000001c4   Code   RO         4841    i.USBH_HandleControl  usbh_ctlreq.o
    0x08009854   0x08009854   0x00000226   Code   RO         4698    i.USBH_HandleEnum   usbh_core.o
    0x08009a7a   0x08009a7a   0x00000014   Code   RO         4699    i.USBH_HandleSof    usbh_core.o
    0x08009a8e   0x08009a8e   0x00000042   Code   RO         4700    i.USBH_Init         usbh_core.o
    0x08009ad0   0x08009ad0   0x00000012   Code   RO          657    i.USBH_LL_ClosePipe  usbh_conf.o
    0x08009ae2   0x08009ae2   0x00000012   Code   RO         4702    i.USBH_LL_Connect   usbh_core.o
    0x08009af4   0x08009af4   0x0000002e   Code   RO         4703    i.USBH_LL_Disconnect  usbh_core.o
    0x08009b22   0x08009b22   0x00000010   Code   RO          659    i.USBH_LL_DriverVBUS  usbh_conf.o
    0x08009b32   0x08009b32   0x00000008   Code   RO          660    i.USBH_LL_GetLastXferSize  usbh_conf.o
    0x08009b3a   0x08009b3a   0x00000022   Code   RO          661    i.USBH_LL_GetSpeed  usbh_conf.o
    0x08009b5c   0x08009b5c   0x00000008   Code   RO          663    i.USBH_LL_GetURBState  usbh_conf.o
    0x08009b64   0x08009b64   0x0000000e   Code   RO         4704    i.USBH_LL_IncTimer  usbh_core.o
    0x08009b72   0x08009b72   0x00000002   PAD
    0x08009b74   0x08009b74   0x00000050   Code   RO          664    i.USBH_LL_Init      usbh_conf.o
    0x08009bc4   0x08009bc4   0x0000001e   Code   RO          665    i.USBH_LL_OpenPipe  usbh_conf.o
    0x08009be2   0x08009be2   0x0000000e   Code   RO         4705    i.USBH_LL_PortDisabled  usbh_core.o
    0x08009bf0   0x08009bf0   0x00000008   Code   RO         4706    i.USBH_LL_PortEnabled  usbh_core.o
    0x08009bf8   0x08009bf8   0x00000012   Code   RO          666    i.USBH_LL_ResetPort  usbh_conf.o
    0x08009c0a   0x08009c0a   0x00000006   Code   RO         4707    i.USBH_LL_SetTimer  usbh_core.o
    0x08009c10   0x08009c10   0x00000020   Code   RO          667    i.USBH_LL_SetToggle  usbh_conf.o
    0x08009c30   0x08009c30   0x00000012   Code   RO          668    i.USBH_LL_Start     usbh_conf.o
    0x08009c42   0x08009c42   0x00000012   Code   RO          669    i.USBH_LL_Stop      usbh_conf.o
    0x08009c54   0x08009c54   0x00000026   Code   RO          670    i.USBH_LL_SubmitURB  usbh_conf.o
    0x08009c7a   0x08009c7a   0x00000016   Code   RO         5024    i.USBH_OpenPipe     usbh_pipes.o
    0x08009c90   0x08009c90   0x00000132   Code   RO         4842    i.USBH_ParseCfgDesc  usbh_ctlreq.o
    0x08009dc2   0x08009dc2   0x00000098   Code   RO         4843    i.USBH_ParseDevDesc  usbh_ctlreq.o
    0x08009e5a   0x08009e5a   0x000000d8   Code   RO         4844    i.USBH_ParseEPDesc  usbh_ctlreq.o
    0x08009f32   0x08009f32   0x00000026   Code   RO         4845    i.USBH_ParseInterfaceDesc  usbh_ctlreq.o
    0x08009f58   0x08009f58   0x0000002e   Code   RO         4846    i.USBH_ParseStringDesc  usbh_ctlreq.o
    0x08009f86   0x08009f86   0x0000025c   Code   RO         4708    i.USBH_Process      usbh_core.o
    0x0800a1e2   0x0800a1e2   0x00000022   Code   RO         4710    i.USBH_RegisterClass  usbh_core.o
    0x0800a204   0x0800a204   0x00000016   Code   RO         4711    i.USBH_SelectInterface  usbh_core.o
    0x0800a21a   0x0800a21a   0x0000001c   Code   RO         4847    i.USBH_SetAddress   usbh_ctlreq.o
    0x0800a236   0x0800a236   0x0000001c   Code   RO         4848    i.USBH_SetCfg       usbh_ctlreq.o
    0x0800a252   0x0800a252   0x0000001c   Code   RO         4849    i.USBH_SetFeature   usbh_ctlreq.o
    0x0800a26e   0x0800a26e   0x00000016   Code   RO         4712    i.USBH_Start        usbh_core.o
    0x0800a284   0x0800a284   0x00000028   Code   RO          587    i.USBH_UserProcess  usb_host.o
    0x0800a2ac   0x0800a2ac   0x00000088   Code   RO         1024    i.USB_CoreInit      stm32f4xx_ll_usb.o
    0x0800a334   0x0800a334   0x00000054   Code   RO         1025    i.USB_CoreReset     stm32f4xx_ll_usb.o
    0x0800a388   0x0800a388   0x0000000c   Code   RO         1032    i.USB_DisableGlobalInt  stm32f4xx_ll_usb.o
    0x0800a394   0x0800a394   0x00000020   Code   RO         1033    i.USB_DoPing        stm32f4xx_ll_usb.o
    0x0800a3b4   0x0800a3b4   0x0000003a   Code   RO         1034    i.USB_DriveVbus     stm32f4xx_ll_usb.o
    0x0800a3ee   0x0800a3ee   0x0000000c   Code   RO         1040    i.USB_EnableGlobalInt  stm32f4xx_ll_usb.o
    0x0800a3fa   0x0800a3fa   0x00000040   Code   RO         1041    i.USB_FlushRxFifo   stm32f4xx_ll_usb.o
    0x0800a43a   0x0800a43a   0x00000044   Code   RO         1042    i.USB_FlushTxFifo   stm32f4xx_ll_usb.o
    0x0800a47e   0x0800a47e   0x00000008   Code   RO         1043    i.USB_GetCurrentFrame  stm32f4xx_ll_usb.o
    0x0800a486   0x0800a486   0x00000010   Code   RO         1045    i.USB_GetHostSpeed  stm32f4xx_ll_usb.o
    0x0800a496   0x0800a496   0x00000008   Code   RO         1046    i.USB_GetMode       stm32f4xx_ll_usb.o
    0x0800a49e   0x0800a49e   0x000000f6   Code   RO         1047    i.USB_HC_Halt       stm32f4xx_ll_usb.o
    0x0800a594   0x0800a594   0x0000012c   Code   RO         1048    i.USB_HC_Init       stm32f4xx_ll_usb.o
    0x0800a6c0   0x0800a6c0   0x00000008   Code   RO         1049    i.USB_HC_ReadInterrupt  stm32f4xx_ll_usb.o
    0x0800a6c8   0x0800a6c8   0x00000290   Code   RO         1050    i.USB_HC_StartXfer  stm32f4xx_ll_usb.o
    0x0800a958   0x0800a958   0x000000ec   Code   RO         1051    i.USB_HostInit      stm32f4xx_ll_usb.o
    0x0800aa44   0x0800aa44   0x0000003c   Code   RO         1052    i.USB_InitFSLSPClkSel  stm32f4xx_ll_usb.o
    0x0800aa80   0x0800aa80   0x00000010   Code   RO         1053    i.USB_ReadChInterrupts  stm32f4xx_ll_usb.o
    0x0800aa90   0x0800aa90   0x00000008   Code   RO         1058    i.USB_ReadInterrupts  stm32f4xx_ll_usb.o
    0x0800aa98   0x0800aa98   0x0000003e   Code   RO         1059    i.USB_ReadPacket    stm32f4xx_ll_usb.o
    0x0800aad6   0x0800aad6   0x00000034   Code   RO         1060    i.USB_ResetPort     stm32f4xx_ll_usb.o
    0x0800ab0a   0x0800ab0a   0x00000060   Code   RO         1061    i.USB_SetCurrentMode  stm32f4xx_ll_usb.o
    0x0800ab6a   0x0800ab6a   0x00000092   Code   RO         1066    i.USB_StopHost      stm32f4xx_ll_usb.o
    0x0800abfc   0x0800abfc   0x00000028   Code   RO         1067    i.USB_WritePacket   stm32f4xx_ll_usb.o
    0x0800ac24   0x0800ac24   0x00000002   Code   RO          488    i.UsageFault_Handler  stm32f4xx_it.o
    0x0800ac26   0x0800ac26   0x0000014e   Code   RO         5727    i.WiFiConecting     uiprotact.o
    0x0800ad74   0x0800ad74   0x00000040   Code   RO         5728    i.WiFiOffLine       uiprotact.o
    0x0800adb4   0x0800adb4   0x0000003e   Code   RO         5729    i.WiFiOnLine        uiprotact.o
    0x0800adf2   0x0800adf2   0x00000002   PAD
    0x0800adf4   0x0800adf4   0x0000001c   Code   RO         6007    i.WiFiYorN          work.o
    0x0800ae10   0x0800ae10   0x00000170   Code   RO         6048    i.Window_Ctrl       equipmenu.o
    0x0800af80   0x0800af80   0x00000020   Code   RO         6947    i.__0printf         mc_w.l(printfa.o)
    0x0800afa0   0x0800afa0   0x00000028   Code   RO         6949    i.__0sprintf        mc_w.l(printfa.o)
    0x0800afc8   0x0800afc8   0x00000030   Code   RO         6675    i.__ARM_fpclassify  m_wm.l(fpclassify.o)
    0x0800aff8   0x0800aff8   0x00000020   Code   RO         2135    i.__NVIC_SetPriority  stm32f4xx_hal_cortex.o
    0x0800b018   0x0800b018   0x00000c50   Code   RO         6677    i.__hardfp_pow      m_wm.l(pow.o)
    0x0800bc68   0x0800bc68   0x000000f8   Code   RO         7035    i.__kernel_poly     m_wm.l(poly.o)
    0x0800bd60   0x0800bd60   0x00000030   Code   RO         7021    i.__mathlib_dbl_divzero  m_wm.l(dunder.o)
    0x0800bd90   0x0800bd90   0x00000014   Code   RO         7023    i.__mathlib_dbl_infnan2  m_wm.l(dunder.o)
    0x0800bda4   0x0800bda4   0x00000004   PAD
    0x0800bda8   0x0800bda8   0x00000020   Code   RO         7024    i.__mathlib_dbl_invalid  m_wm.l(dunder.o)
    0x0800bdc8   0x0800bdc8   0x00000020   Code   RO         7025    i.__mathlib_dbl_overflow  m_wm.l(dunder.o)
    0x0800bde8   0x0800bde8   0x00000020   Code   RO         7027    i.__mathlib_dbl_underflow  m_wm.l(dunder.o)
    0x0800be08   0x0800be08   0x0000000e   Code   RO         7099    i.__scatterload_copy  mc_w.l(handlers.o)
    0x0800be16   0x0800be16   0x00000002   Code   RO         7100    i.__scatterload_null  mc_w.l(handlers.o)
    0x0800be18   0x0800be18   0x0000000e   Code   RO         7101    i.__scatterload_zeroinit  mc_w.l(handlers.o)
    0x0800be26   0x0800be26   0x00000002   PAD
    0x0800be28   0x0800be28   0x0000000c   Code   RO         7077    i.__set_errno       mc_w.l(errno.o)
    0x0800be34   0x0800be34   0x00000184   Code   RO         6954    i._fp_digits        mc_w.l(printfa.o)
    0x0800bfb8   0x0800bfb8   0x000006dc   Code   RO         6955    i._printf_core      mc_w.l(printfa.o)
    0x0800c694   0x0800c694   0x00000024   Code   RO         6956    i._printf_post_padding  mc_w.l(printfa.o)
    0x0800c6b8   0x0800c6b8   0x0000002e   Code   RO         6957    i._printf_pre_padding  mc_w.l(printfa.o)
    0x0800c6e6   0x0800c6e6   0x0000000a   Code   RO         6959    i._sputc            mc_w.l(printfa.o)
    0x0800c6f0   0x0800c6f0   0x00000032   Code   RO         5612    i.crc16             at24c02.o
    0x0800c722   0x0800c722   0x00000018   Code   RO         6665    i.fabs              m_wm.l(fabs.o)
    0x0800c73a   0x0800c73a   0x00000002   PAD
    0x0800c73c   0x0800c73c   0x00000024   Code   RO          434    i.fputc             usart.o
    0x0800c760   0x0800c760   0x00000050   Code   RO         6975    i.free              mc_w.l(malloc.o)
    0x0800c7b0   0x0800c7b0   0x0000004e   Code   RO           17    i.main              main.o
    0x0800c7fe   0x0800c7fe   0x00000002   PAD
    0x0800c800   0x0800c800   0x0000006c   Code   RO         6976    i.malloc            mc_w.l(malloc.o)
    0x0800c86c   0x0800c86c   0x0000006e   Code   RO         7040    i.sqrt              m_wm.l(sqrt.o)
    0x0800c8da   0x0800c8da   0x00000010   Data   RO         4657    .constdata          system_stm32f4xx.o
    0x0800c8ea   0x0800c8ea   0x00000008   Data   RO         4658    .constdata          system_stm32f4xx.o
    0x0800c8f2   0x0800c8f2   0x000058ca   Data   RO         5859    .constdata          lcd.o
    0x080121bc   0x080121bc   0x00000004   PAD
    0x080121c0   0x080121c0   0x00000088   Data   RO         6680    .constdata          m_wm.l(pow.o)
    0x08012248   0x08012248   0x00000008   Data   RO         7037    .constdata          m_wm.l(qnan.o)
    0x08012250   0x08012250   0x00000004   Data   RO         5085    .conststring        usbh_cdc.o
    0x08012254   0x08012254   0x00000806   Data   RO         6589    .conststring        iot.o
    0x08012a5a   0x08012a5a   0x00000002   PAD
    0x08012a5c   0x08012a5c   0x00000020   Data   RO         7097    Region$$Table       anon$$obj.o


    Execution Region RW_IRAM2 (Exec base: 0x10000000, Load base: 0x08012b60, Size: 0x00000000, Max: 0x00010000, ABSOLUTE)

    **** No section assigned to this execution region ****


    Execution Region RW_IRAM1 (Exec base: 0x20000000, Load base: 0x08012a7c, Size: 0x00001930, Max: 0x00020000, ABSOLUTE)

    Exec Addr    Load Addr    Size         Type   Attr      Idx    E Section Name        Object

    0x20000000   0x08012a7c   0x00000001   Data   RW          589    .data               usb_host.o
    0x20000001   0x08012a7d   0x00000003   PAD
    0x20000004   0x08012a80   0x0000000c   Data   RW         2294    .data               stm32f4xx_hal.o
    0x20000010   0x08012a8c   0x00000004   Data   RW         4659    .data               system_stm32f4xx.o
    0x20000014   0x08012a90   0x00000020   Data   RW         5086    .data               usbh_cdc.o
    0x20000034   0x08012ab0   0x00000014   Data   RW         5453    .data               asrpro.o
    0x20000048   0x08012ac4   0x00000004   Data   RW         5613    .data               at24c02.o
    0x2000004c   0x08012ac8   0x00000008   Data   RW         5730    .data               uiprotact.o
    0x20000054   0x08012ad0   0x00000018   Data   RW         6008    .data               work.o
    0x2000006c   0x08012ae8   0x00000018   Data   RW         6050    .data               equipmenu.o
    0x20000084   0x08012b00   0x0000001c   Data   RW         6111    .data               monitormenu.o
    0x200000a0   0x08012b1c   0x00000004   Data   RW         6148    .data               setmenu.o
    0x200000a4   0x08012b20   0x00000030   Data   RW         6590    .data               iot.o
    0x200000d4   0x08012b50   0x00000004   Data   RW         7064    .data               mc_w.l(stdout.o)
    0x200000d8   0x08012b54   0x00000004   Data   RW         7073    .data               mc_w.l(mvars.o)
    0x200000dc   0x08012b58   0x00000004   Data   RW         7074    .data               mc_w.l(mvars.o)
    0x200000e0   0x08012b5c   0x00000004   Data   RW         7078    .data               mc_w.l(errno.o)
    0x200000e4        -       0x00000048   Zero   RW          302    .bss                adc.o
    0x2000012c        -       0x00000054   Zero   RW          344    .bss                i2c.o
    0x20000180        -       0x00000048   Zero   RW          387    .bss                tim.o
    0x200001c8        -       0x00000048   Zero   RW          435    .bss                usart.o
    0x20000210        -       0x000003d8   Zero   RW          588    .bss                usb_host.o
    0x200005e8        -       0x000003e0   Zero   RW          671    .bss                usbh_conf.o
    0x200009c8        -       0x00000014   Zero   RW         6049    .bss                equipmenu.o
    0x200009dc        -       0x00000064   Zero   RW         6110    .bss                monitormenu.o
    0x20000a40        -       0x000000ee   Zero   RW         6147    .bss                setmenu.o
    0x20000b2e        -       0x00000800   Zero   RW         6588    .bss                iot.o
    0x2000132e   0x08012b60   0x00000002   PAD
    0x20001330        -       0x00000200   Zero   RW            2    HEAP                startup_stm32f405xx.o
    0x20001530        -       0x00000400   Zero   RW            1    STACK               startup_stm32f405xx.o


==============================================================================

Image component sizes


      Code (inc. data)   RO Data    RW Data    ZI Data      Debug   Object Name

       268         28          0          0         72       1777   adc.o
       696         86          0          0          0       4035   adcsensor.o
       116         12          0         20          0        914   asrpro.o
       622         18          0          4          0       8401   at24c02.o
       116         22          0          0          0       1782   beep.o
       474         28          0          0          0       4501   dht.o
      3852        560          0         24         20       6467   equipmenu.o
       264         16          0          0          0       1011   gpio.o
       172         28          0          0         84       1641   i2c.o
      1664        416       2054         48       2048       8319   iot.o
       252          6          0          0          0        659   key.o
      2690         64      22730          0          0      15830   lcd.o
        76         16          0          0          0       1302   led.o
       322         30          0          0          0     682730   main.o
       712        132          0         28        100       1739   monitormenu.o
       160         56          0          0          0       4245   relays.o
        76         10          0          0          0       1813   servo.o
      6940        862          0          4        238       7777   setmenu.o
        36          8        392          0       1536        824   startup_stm32f405xx.o
       184         28          0         12          0       9329   stm32f4xx_hal.o
      1184         48          0          0          0       5122   stm32f4xx_hal_adc.o
       468         12          0          0          0       1430   stm32f4xx_hal_adc_ex.o
       198         14          0          0          0      33875   stm32f4xx_hal_cortex.o
       492         44          0          0          0       2959   stm32f4xx_hal_gpio.o
      3204          0          0          0          0      15431   stm32f4xx_hal_hcd.o
      2948         56          0          0          0      13610   stm32f4xx_hal_i2c.o
        48          6          0          0          0        826   stm32f4xx_hal_msp.o
      1476         80          0          0          0       6284   stm32f4xx_hal_rcc.o
      1578        110          0          0          0      12790   stm32f4xx_hal_tim.o
       144         30          0          0          0       1376   stm32f4xx_hal_tim_ex.o
       746         10          0          0          0       4644   stm32f4xx_hal_uart.o
        32          6          0          0          0       4538   stm32f4xx_it.o
      2424         42          0          0          0      19570   stm32f4xx_ll_usb.o
        16          4         24          4          0       1099   system_stm32f4xx.o
       268         18          0          0         72       2332   tim.o
      2036         90          0          8          0       6591   uiprotact.o
       260         30          0          0         72       2294   usart.o
       116         22          0          1        984      10154   usb_host.o
       946          6          4         32          0      13256   usbh_cdc.o
       532         16          0          0        992      13453   usbh_conf.o
      1612         20          0          0          0      11811   usbh_core.o
      1616         12          0          0          0      13974   usbh_ctlreq.o
       182          0          0          0          0       4356   usbh_ioreq.o
       126          0          0          0          0       3858   usbh_pipes.o
       400         98          0         24          0       1639   work.o

    ----------------------------------------------------------------------
     42802       3200      25242        212       6220     972368   Object Totals
         0          0         32          0          0          0   (incl. Generated)
        58          0          6          3          2          0   (incl. Padding)

    ----------------------------------------------------------------------

      Code (inc. data)   RO Data    RW Data    ZI Data      Debug   Library Member Name

       164         44          0          0          0        620   dunder.o
        24          0          0          0          0        124   fabs.o
        48          0          0          0          0        124   fpclassify.o
       248          0          0          0          0        152   poly.o
      3152        296        136          0          0        352   pow.o
         0          0          8          0          0          0   qnan.o
       110          0          0          0          0        148   sqrt.o
         0          0          0          0          0          0   entry.o
         0          0          0          0          0          0   entry10a.o
         0          0          0          0          0          0   entry11a.o
         8          4          0          0          0          0   entry2.o
         4          0          0          0          0          0   entry5.o
         0          0          0          0          0          0   entry7b.o
         0          0          0          0          0          0   entry8b.o
         8          4          0          0          0          0   entry9a.o
        12          6          0          4          0         68   errno.o
        30          0          0          0          0          0   handlers.o
        36          8          0          0          0         68   init.o
         0          0          0          0          0          0   iusefp.o
        30          0          0          0          0         68   llshl.o
        36          0          0          0          0         68   llsshr.o
        32          0          0          0          0         68   llushr.o
       188         20          0          0          0        160   malloc.o
        36          0          0          0          0         68   memcpya.o
        36          0          0          0          0        108   memseta.o
         0          0          0          8          0          0   mvars.o
      2308         96          0          0          0        604   printfa.o
         0          0          0          4          0          0   stdout.o
        14          0          0          0          0         68   strlen.o
        36          0          0          0          0         80   strstr.o
        44          0          0          0          0         80   uidiv.o
        98          0          0          0          0         92   uldiv.o
        48          0          0          0          0         68   cdrcmple.o
        56          0          0          0          0         88   d2f.o
       334          0          0          0          0        148   dadd.o
       222          0          0          0          0        100   ddiv.o
       186          0          0          0          0        176   depilogue.o
        48          0          0          0          0         68   dfixul.o
        34          0          0          0          0         76   dflti.o
       228          0          0          0          0         96   dmul.o
        46          0          0          0          0         80   dscalb.o
       162          0          0          0          0        100   dsqrt.o
        38          0          0          0          0         68   f2d.o
       110          0          0          0          0        168   fepilogue.o

    ----------------------------------------------------------------------
      8224        478        144         16          0       4356   Library Totals
        10          0          0          0          0          0   (incl. Padding)

    ----------------------------------------------------------------------

      Code (inc. data)   RO Data    RW Data    ZI Data      Debug   Library Name

      3746        340        144          0          0       1520   m_wm.l
      2956        138          0         16          0       1600   mc_w.l
      1512          0          0          0          0       1236   mf_w.l

    ----------------------------------------------------------------------
      8224        478        144         16          0       4356   Library Totals

    ----------------------------------------------------------------------

==============================================================================


      Code (inc. data)   RO Data    RW Data    ZI Data      Debug   

     51026       3678      25386        228       6220     944320   Grand Totals
     51026       3678      25386        228       6220     944320   ELF Image Totals
     51026       3678      25386        228          0          0   ROM Totals

==============================================================================

    Total RO  Size (Code + RO Data)                76412 (  74.62kB)
    Total RW  Size (RW Data + ZI Data)              6448 (   6.30kB)
    Total ROM Size (Code + RO Data + RW Data)      76640 (  74.84kB)

==============================================================================

